<!doctype html public "-//w3c//dtd html 4.0 transitional//en">
<html><head>
<title>Static Call Graph - [.\Objects\Project.axf]</title></head>
<body><HR>
<H1>Static Call Graph for image .\Objects\Project.axf</H1><HR>
<BR><P>#&#060CALLGRAPH&#062# ARM Linker, 5060960: Last Updated: Sat Jan 24 08:55:29 2026
<BR><P>
<H3>Maximum Stack Usage =        480 bytes + Unknown(Cycles, Untraceable Function Pointers)</H3><H3>
Call chain for Maximum Stack Depth:</H3>
main &rArr; BT_Process &rArr; BT_ParseCommand &rArr; __0sscanf &rArr; __vfscanf_char &rArr; __vfscanf &rArr; _scanf_real
<P>
<H3>
Mutually Recursive functions
</H3> <LI><a href="#[1c]">ADC1_2_IRQHandler</a>&nbsp;&nbsp;&nbsp;&rArr;&nbsp;&nbsp;&nbsp;<a href="#[1c]">ADC1_2_IRQHandler</a><BR>
</UL>
<P>
<H3>
Function Pointers
</H3><UL>
 <LI><a href="#[1c]">ADC1_2_IRQHandler</a> from startup_stm32f10x_md.o(.text) referenced from startup_stm32f10x_md.o(RESET)
 <LI><a href="#[4]">BusFault_Handler</a> from stm32f10x_it.o(i.BusFault_Handler) referenced from startup_stm32f10x_md.o(RESET)
 <LI><a href="#[1f]">CAN1_RX1_IRQHandler</a> from startup_stm32f10x_md.o(.text) referenced from startup_stm32f10x_md.o(RESET)
 <LI><a href="#[20]">CAN1_SCE_IRQHandler</a> from startup_stm32f10x_md.o(.text) referenced from startup_stm32f10x_md.o(RESET)
 <LI><a href="#[15]">DMA1_Channel1_IRQHandler</a> from startup_stm32f10x_md.o(.text) referenced from startup_stm32f10x_md.o(RESET)
 <LI><a href="#[16]">DMA1_Channel2_IRQHandler</a> from startup_stm32f10x_md.o(.text) referenced from startup_stm32f10x_md.o(RESET)
 <LI><a href="#[17]">DMA1_Channel3_IRQHandler</a> from startup_stm32f10x_md.o(.text) referenced from startup_stm32f10x_md.o(RESET)
 <LI><a href="#[18]">DMA1_Channel4_IRQHandler</a> from startup_stm32f10x_md.o(.text) referenced from startup_stm32f10x_md.o(RESET)
 <LI><a href="#[19]">DMA1_Channel5_IRQHandler</a> from startup_stm32f10x_md.o(.text) referenced from startup_stm32f10x_md.o(RESET)
 <LI><a href="#[1a]">DMA1_Channel6_IRQHandler</a> from startup_stm32f10x_md.o(.text) referenced from startup_stm32f10x_md.o(RESET)
 <LI><a href="#[1b]">DMA1_Channel7_IRQHandler</a> from startup_stm32f10x_md.o(.text) referenced from startup_stm32f10x_md.o(RESET)
 <LI><a href="#[7]">DebugMon_Handler</a> from stm32f10x_it.o(i.DebugMon_Handler) referenced from startup_stm32f10x_md.o(RESET)
 <LI><a href="#[10]">EXTI0_IRQHandler</a> from startup_stm32f10x_md.o(.text) referenced from startup_stm32f10x_md.o(RESET)
 <LI><a href="#[32]">EXTI15_10_IRQHandler</a> from startup_stm32f10x_md.o(.text) referenced from startup_stm32f10x_md.o(RESET)
 <LI><a href="#[11]">EXTI1_IRQHandler</a> from startup_stm32f10x_md.o(.text) referenced from startup_stm32f10x_md.o(RESET)
 <LI><a href="#[12]">EXTI2_IRQHandler</a> from startup_stm32f10x_md.o(.text) referenced from startup_stm32f10x_md.o(RESET)
 <LI><a href="#[13]">EXTI3_IRQHandler</a> from startup_stm32f10x_md.o(.text) referenced from startup_stm32f10x_md.o(RESET)
 <LI><a href="#[14]">EXTI4_IRQHandler</a> from startup_stm32f10x_md.o(.text) referenced from startup_stm32f10x_md.o(RESET)
 <LI><a href="#[21]">EXTI9_5_IRQHandler</a> from startup_stm32f10x_md.o(.text) referenced from startup_stm32f10x_md.o(RESET)
 <LI><a href="#[e]">FLASH_IRQHandler</a> from startup_stm32f10x_md.o(.text) referenced from startup_stm32f10x_md.o(RESET)
 <LI><a href="#[2]">HardFault_Handler</a> from stm32f10x_it.o(i.HardFault_Handler) referenced from startup_stm32f10x_md.o(RESET)
 <LI><a href="#[2a]">I2C1_ER_IRQHandler</a> from startup_stm32f10x_md.o(.text) referenced from startup_stm32f10x_md.o(RESET)
 <LI><a href="#[29]">I2C1_EV_IRQHandler</a> from startup_stm32f10x_md.o(.text) referenced from startup_stm32f10x_md.o(RESET)
 <LI><a href="#[2c]">I2C2_ER_IRQHandler</a> from startup_stm32f10x_md.o(.text) referenced from startup_stm32f10x_md.o(RESET)
 <LI><a href="#[2b]">I2C2_EV_IRQHandler</a> from startup_stm32f10x_md.o(.text) referenced from startup_stm32f10x_md.o(RESET)
 <LI><a href="#[3]">MemManage_Handler</a> from stm32f10x_it.o(i.MemManage_Handler) referenced from startup_stm32f10x_md.o(RESET)
 <LI><a href="#[1]">NMI_Handler</a> from stm32f10x_it.o(i.NMI_Handler) referenced from startup_stm32f10x_md.o(RESET)
 <LI><a href="#[b]">PVD_IRQHandler</a> from startup_stm32f10x_md.o(.text) referenced from startup_stm32f10x_md.o(RESET)
 <LI><a href="#[8]">PendSV_Handler</a> from stm32f10x_it.o(i.PendSV_Handler) referenced from startup_stm32f10x_md.o(RESET)
 <LI><a href="#[f]">RCC_IRQHandler</a> from startup_stm32f10x_md.o(.text) referenced from startup_stm32f10x_md.o(RESET)
 <LI><a href="#[33]">RTCAlarm_IRQHandler</a> from startup_stm32f10x_md.o(.text) referenced from startup_stm32f10x_md.o(RESET)
 <LI><a href="#[d]">RTC_IRQHandler</a> from startup_stm32f10x_md.o(.text) referenced from startup_stm32f10x_md.o(RESET)
 <LI><a href="#[0]">Reset_Handler</a> from startup_stm32f10x_md.o(.text) referenced from startup_stm32f10x_md.o(RESET)
 <LI><a href="#[2d]">SPI1_IRQHandler</a> from startup_stm32f10x_md.o(.text) referenced from startup_stm32f10x_md.o(RESET)
 <LI><a href="#[2e]">SPI2_IRQHandler</a> from startup_stm32f10x_md.o(.text) referenced from startup_stm32f10x_md.o(RESET)
 <LI><a href="#[6]">SVC_Handler</a> from stm32f10x_it.o(i.SVC_Handler) referenced from startup_stm32f10x_md.o(RESET)
 <LI><a href="#[9]">SysTick_Handler</a> from stm32f10x_it.o(i.SysTick_Handler) referenced from startup_stm32f10x_md.o(RESET)
 <LI><a href="#[36]">SystemInit</a> from system_stm32f10x.o(i.SystemInit) referenced from startup_stm32f10x_md.o(.text)
 <LI><a href="#[c]">TAMPER_IRQHandler</a> from startup_stm32f10x_md.o(.text) referenced from startup_stm32f10x_md.o(RESET)
 <LI><a href="#[22]">TIM1_BRK_IRQHandler</a> from startup_stm32f10x_md.o(.text) referenced from startup_stm32f10x_md.o(RESET)
 <LI><a href="#[25]">TIM1_CC_IRQHandler</a> from startup_stm32f10x_md.o(.text) referenced from startup_stm32f10x_md.o(RESET)
 <LI><a href="#[24]">TIM1_TRG_COM_IRQHandler</a> from startup_stm32f10x_md.o(.text) referenced from startup_stm32f10x_md.o(RESET)
 <LI><a href="#[23]">TIM1_UP_IRQHandler</a> from startup_stm32f10x_md.o(.text) referenced from startup_stm32f10x_md.o(RESET)
 <LI><a href="#[26]">TIM2_IRQHandler</a> from startup_stm32f10x_md.o(.text) referenced from startup_stm32f10x_md.o(RESET)
 <LI><a href="#[27]">TIM3_IRQHandler</a> from startup_stm32f10x_md.o(.text) referenced from startup_stm32f10x_md.o(RESET)
 <LI><a href="#[28]">TIM4_IRQHandler</a> from startup_stm32f10x_md.o(.text) referenced from startup_stm32f10x_md.o(RESET)
 <LI><a href="#[2f]">USART1_IRQHandler</a> from startup_stm32f10x_md.o(.text) referenced from startup_stm32f10x_md.o(RESET)
 <LI><a href="#[30]">USART2_IRQHandler</a> from uart_config.o(i.USART2_IRQHandler) referenced from startup_stm32f10x_md.o(RESET)
 <LI><a href="#[31]">USART3_IRQHandler</a> from startup_stm32f10x_md.o(.text) referenced from startup_stm32f10x_md.o(RESET)
 <LI><a href="#[34]">USBWakeUp_IRQHandler</a> from startup_stm32f10x_md.o(.text) referenced from startup_stm32f10x_md.o(RESET)
 <LI><a href="#[1d]">USB_HP_CAN1_TX_IRQHandler</a> from startup_stm32f10x_md.o(.text) referenced from startup_stm32f10x_md.o(RESET)
 <LI><a href="#[1e]">USB_LP_CAN1_RX0_IRQHandler</a> from startup_stm32f10x_md.o(.text) referenced from startup_stm32f10x_md.o(RESET)
 <LI><a href="#[5]">UsageFault_Handler</a> from stm32f10x_it.o(i.UsageFault_Handler) referenced from startup_stm32f10x_md.o(RESET)
 <LI><a href="#[a]">WWDG_IRQHandler</a> from startup_stm32f10x_md.o(.text) referenced from startup_stm32f10x_md.o(RESET)
 <LI><a href="#[37]">__main</a> from entry.o(.ARM.Collect$$$$00000000) referenced from startup_stm32f10x_md.o(.text)
 <LI><a href="#[39]">_sbackspace</a> from _sgetc.o(.text) referenced from __0sscanf.o(.text)
 <LI><a href="#[3a]">_scanf_char_input</a> from scanf_char.o(.text) referenced from scanf_char.o(.text)
 <LI><a href="#[38]">_sgetc</a> from _sgetc.o(.text) referenced from __0sscanf.o(.text)
 <LI><a href="#[3d]">_sputc</a> from printfa.o(i._sputc) referenced from printfa.o(i.__0sprintf)
 <LI><a href="#[3c]">fputc</a> from uart_config.o(i.fputc) referenced from printfa.o(i.__0printf)
 <LI><a href="#[3b]">isspace</a> from isspace_o.o(.text) referenced from scanf_char.o(.text)
 <LI><a href="#[35]">main</a> from main.o(i.main) referenced from entry9a.o(.ARM.Collect$$$$0000000B)
</UL>
<P>
<H3>
Global Symbols
</H3>
<P><STRONG><a name="[37]"></a>__main</STRONG> (Thumb, 0 bytes, Stack size unknown bytes, entry.o(.ARM.Collect$$$$00000000))
<BR>[Address Reference Count : 1]<UL><LI> startup_stm32f10x_md.o(.text)
</UL>
<P><STRONG><a name="[115]"></a>_main_stk</STRONG> (Thumb, 0 bytes, Stack size unknown bytes, entry2.o(.ARM.Collect$$$$00000001))

<P><STRONG><a name="[3e]"></a>_main_scatterload</STRONG> (Thumb, 0 bytes, Stack size unknown bytes, entry5.o(.ARM.Collect$$$$00000004))
<BR><BR>[Calls]<UL><LI><a href="#[3f]">&gt;&gt;</a>&nbsp;&nbsp;&nbsp;__scatterload
</UL>

<P><STRONG><a name="[64]"></a>__main_after_scatterload</STRONG> (Thumb, 0 bytes, Stack size unknown bytes, entry5.o(.ARM.Collect$$$$00000004))
<BR><BR>[Called By]<UL><LI><a href="#[3f]">&gt;&gt;</a>&nbsp;&nbsp;&nbsp;__scatterload
</UL>

<P><STRONG><a name="[116]"></a>_main_clock</STRONG> (Thumb, 0 bytes, Stack size unknown bytes, entry7b.o(.ARM.Collect$$$$00000008))

<P><STRONG><a name="[117]"></a>_main_cpp_init</STRONG> (Thumb, 0 bytes, Stack size unknown bytes, entry8b.o(.ARM.Collect$$$$0000000A))

<P><STRONG><a name="[118]"></a>_main_init</STRONG> (Thumb, 0 bytes, Stack size unknown bytes, entry9a.o(.ARM.Collect$$$$0000000B))

<P><STRONG><a name="[119]"></a>__rt_lib_shutdown_fini</STRONG> (Thumb, 0 bytes, Stack size unknown bytes, entry12b.o(.ARM.Collect$$$$0000000E))

<P><STRONG><a name="[11a]"></a>__rt_final_cpp</STRONG> (Thumb, 0 bytes, Stack size unknown bytes, entry10a.o(.ARM.Collect$$$$0000000F))

<P><STRONG><a name="[11b]"></a>__rt_final_exit</STRONG> (Thumb, 0 bytes, Stack size unknown bytes, entry11a.o(.ARM.Collect$$$$00000011))

<P><STRONG><a name="[0]"></a>Reset_Handler</STRONG> (Thumb, 8 bytes, Stack size 0 bytes, startup_stm32f10x_md.o(.text))
<BR>[Address Reference Count : 1]<UL><LI> startup_stm32f10x_md.o(RESET)
</UL>
<P><STRONG><a name="[1c]"></a>ADC1_2_IRQHandler</STRONG> (Thumb, 0 bytes, Stack size 0 bytes, startup_stm32f10x_md.o(.text))
<BR><BR>[Calls]<UL><LI><a href="#[1c]">&gt;&gt;</a>&nbsp;&nbsp;&nbsp;ADC1_2_IRQHandler
</UL>
<BR>[Called By]<UL><LI><a href="#[1c]">&gt;&gt;</a>&nbsp;&nbsp;&nbsp;ADC1_2_IRQHandler
</UL>
<BR>[Address Reference Count : 1]<UL><LI> startup_stm32f10x_md.o(RESET)
</UL>
<P><STRONG><a name="[1f]"></a>CAN1_RX1_IRQHandler</STRONG> (Thumb, 0 bytes, Stack size 0 bytes, startup_stm32f10x_md.o(.text))
<BR>[Address Reference Count : 1]<UL><LI> startup_stm32f10x_md.o(RESET)
</UL>
<P><STRONG><a name="[20]"></a>CAN1_SCE_IRQHandler</STRONG> (Thumb, 0 bytes, Stack size 0 bytes, startup_stm32f10x_md.o(.text))
<BR>[Address Reference Count : 1]<UL><LI> startup_stm32f10x_md.o(RESET)
</UL>
<P><STRONG><a name="[15]"></a>DMA1_Channel1_IRQHandler</STRONG> (Thumb, 0 bytes, Stack size 0 bytes, startup_stm32f10x_md.o(.text))
<BR>[Address Reference Count : 1]<UL><LI> startup_stm32f10x_md.o(RESET)
</UL>
<P><STRONG><a name="[16]"></a>DMA1_Channel2_IRQHandler</STRONG> (Thumb, 0 bytes, Stack size 0 bytes, startup_stm32f10x_md.o(.text))
<BR>[Address Reference Count : 1]<UL><LI> startup_stm32f10x_md.o(RESET)
</UL>
<P><STRONG><a name="[17]"></a>DMA1_Channel3_IRQHandler</STRONG> (Thumb, 0 bytes, Stack size 0 bytes, startup_stm32f10x_md.o(.text))
<BR>[Address Reference Count : 1]<UL><LI> startup_stm32f10x_md.o(RESET)
</UL>
<P><STRONG><a name="[18]"></a>DMA1_Channel4_IRQHandler</STRONG> (Thumb, 0 bytes, Stack size 0 bytes, startup_stm32f10x_md.o(.text))
<BR>[Address Reference Count : 1]<UL><LI> startup_stm32f10x_md.o(RESET)
</UL>
<P><STRONG><a name="[19]"></a>DMA1_Channel5_IRQHandler</STRONG> (Thumb, 0 bytes, Stack size 0 bytes, startup_stm32f10x_md.o(.text))
<BR>[Address Reference Count : 1]<UL><LI> startup_stm32f10x_md.o(RESET)
</UL>
<P><STRONG><a name="[1a]"></a>DMA1_Channel6_IRQHandler</STRONG> (Thumb, 0 bytes, Stack size 0 bytes, startup_stm32f10x_md.o(.text))
<BR>[Address Reference Count : 1]<UL><LI> startup_stm32f10x_md.o(RESET)
</UL>
<P><STRONG><a name="[1b]"></a>DMA1_Channel7_IRQHandler</STRONG> (Thumb, 0 bytes, Stack size 0 bytes, startup_stm32f10x_md.o(.text))
<BR>[Address Reference Count : 1]<UL><LI> startup_stm32f10x_md.o(RESET)
</UL>
<P><STRONG><a name="[10]"></a>EXTI0_IRQHandler</STRONG> (Thumb, 0 bytes, Stack size 0 bytes, startup_stm32f10x_md.o(.text))
<BR>[Address Reference Count : 1]<UL><LI> startup_stm32f10x_md.o(RESET)
</UL>
<P><STRONG><a name="[32]"></a>EXTI15_10_IRQHandler</STRONG> (Thumb, 0 bytes, Stack size 0 bytes, startup_stm32f10x_md.o(.text))
<BR>[Address Reference Count : 1]<UL><LI> startup_stm32f10x_md.o(RESET)
</UL>
<P><STRONG><a name="[11]"></a>EXTI1_IRQHandler</STRONG> (Thumb, 0 bytes, Stack size 0 bytes, startup_stm32f10x_md.o(.text))
<BR>[Address Reference Count : 1]<UL><LI> startup_stm32f10x_md.o(RESET)
</UL>
<P><STRONG><a name="[12]"></a>EXTI2_IRQHandler</STRONG> (Thumb, 0 bytes, Stack size 0 bytes, startup_stm32f10x_md.o(.text))
<BR>[Address Reference Count : 1]<UL><LI> startup_stm32f10x_md.o(RESET)
</UL>
<P><STRONG><a name="[13]"></a>EXTI3_IRQHandler</STRONG> (Thumb, 0 bytes, Stack size 0 bytes, startup_stm32f10x_md.o(.text))
<BR>[Address Reference Count : 1]<UL><LI> startup_stm32f10x_md.o(RESET)
</UL>
<P><STRONG><a name="[14]"></a>EXTI4_IRQHandler</STRONG> (Thumb, 0 bytes, Stack size 0 bytes, startup_stm32f10x_md.o(.text))
<BR>[Address Reference Count : 1]<UL><LI> startup_stm32f10x_md.o(RESET)
</UL>
<P><STRONG><a name="[21]"></a>EXTI9_5_IRQHandler</STRONG> (Thumb, 0 bytes, Stack size 0 bytes, startup_stm32f10x_md.o(.text))
<BR>[Address Reference Count : 1]<UL><LI> startup_stm32f10x_md.o(RESET)
</UL>
<P><STRONG><a name="[e]"></a>FLASH_IRQHandler</STRONG> (Thumb, 0 bytes, Stack size 0 bytes, startup_stm32f10x_md.o(.text))
<BR>[Address Reference Count : 1]<UL><LI> startup_stm32f10x_md.o(RESET)
</UL>
<P><STRONG><a name="[2a]"></a>I2C1_ER_IRQHandler</STRONG> (Thumb, 0 bytes, Stack size 0 bytes, startup_stm32f10x_md.o(.text))
<BR>[Address Reference Count : 1]<UL><LI> startup_stm32f10x_md.o(RESET)
</UL>
<P><STRONG><a name="[29]"></a>I2C1_EV_IRQHandler</STRONG> (Thumb, 0 bytes, Stack size 0 bytes, startup_stm32f10x_md.o(.text))
<BR>[Address Reference Count : 1]<UL><LI> startup_stm32f10x_md.o(RESET)
</UL>
<P><STRONG><a name="[2c]"></a>I2C2_ER_IRQHandler</STRONG> (Thumb, 0 bytes, Stack size 0 bytes, startup_stm32f10x_md.o(.text))
<BR>[Address Reference Count : 1]<UL><LI> startup_stm32f10x_md.o(RESET)
</UL>
<P><STRONG><a name="[2b]"></a>I2C2_EV_IRQHandler</STRONG> (Thumb, 0 bytes, Stack size 0 bytes, startup_stm32f10x_md.o(.text))
<BR>[Address Reference Count : 1]<UL><LI> startup_stm32f10x_md.o(RESET)
</UL>
<P><STRONG><a name="[b]"></a>PVD_IRQHandler</STRONG> (Thumb, 0 bytes, Stack size 0 bytes, startup_stm32f10x_md.o(.text))
<BR>[Address Reference Count : 1]<UL><LI> startup_stm32f10x_md.o(RESET)
</UL>
<P><STRONG><a name="[f]"></a>RCC_IRQHandler</STRONG> (Thumb, 0 bytes, Stack size 0 bytes, startup_stm32f10x_md.o(.text))
<BR>[Address Reference Count : 1]<UL><LI> startup_stm32f10x_md.o(RESET)
</UL>
<P><STRONG><a name="[33]"></a>RTCAlarm_IRQHandler</STRONG> (Thumb, 0 bytes, Stack size 0 bytes, startup_stm32f10x_md.o(.text))
<BR>[Address Reference Count : 1]<UL><LI> startup_stm32f10x_md.o(RESET)
</UL>
<P><STRONG><a name="[d]"></a>RTC_IRQHandler</STRONG> (Thumb, 0 bytes, Stack size 0 bytes, startup_stm32f10x_md.o(.text))
<BR>[Address Reference Count : 1]<UL><LI> startup_stm32f10x_md.o(RESET)
</UL>
<P><STRONG><a name="[2d]"></a>SPI1_IRQHandler</STRONG> (Thumb, 0 bytes, Stack size 0 bytes, startup_stm32f10x_md.o(.text))
<BR>[Address Reference Count : 1]<UL><LI> startup_stm32f10x_md.o(RESET)
</UL>
<P><STRONG><a name="[2e]"></a>SPI2_IRQHandler</STRONG> (Thumb, 0 bytes, Stack size 0 bytes, startup_stm32f10x_md.o(.text))
<BR>[Address Reference Count : 1]<UL><LI> startup_stm32f10x_md.o(RESET)
</UL>
<P><STRONG><a name="[c]"></a>TAMPER_IRQHandler</STRONG> (Thumb, 0 bytes, Stack size 0 bytes, startup_stm32f10x_md.o(.text))
<BR>[Address Reference Count : 1]<UL><LI> startup_stm32f10x_md.o(RESET)
</UL>
<P><STRONG><a name="[22]"></a>TIM1_BRK_IRQHandler</STRONG> (Thumb, 0 bytes, Stack size 0 bytes, startup_stm32f10x_md.o(.text))
<BR>[Address Reference Count : 1]<UL><LI> startup_stm32f10x_md.o(RESET)
</UL>
<P><STRONG><a name="[25]"></a>TIM1_CC_IRQHandler</STRONG> (Thumb, 0 bytes, Stack size 0 bytes, startup_stm32f10x_md.o(.text))
<BR>[Address Reference Count : 1]<UL><LI> startup_stm32f10x_md.o(RESET)
</UL>
<P><STRONG><a name="[24]"></a>TIM1_TRG_COM_IRQHandler</STRONG> (Thumb, 0 bytes, Stack size 0 bytes, startup_stm32f10x_md.o(.text))
<BR>[Address Reference Count : 1]<UL><LI> startup_stm32f10x_md.o(RESET)
</UL>
<P><STRONG><a name="[23]"></a>TIM1_UP_IRQHandler</STRONG> (Thumb, 0 bytes, Stack size 0 bytes, startup_stm32f10x_md.o(.text))
<BR>[Address Reference Count : 1]<UL><LI> startup_stm32f10x_md.o(RESET)
</UL>
<P><STRONG><a name="[26]"></a>TIM2_IRQHandler</STRONG> (Thumb, 0 bytes, Stack size 0 bytes, startup_stm32f10x_md.o(.text))
<BR>[Address Reference Count : 1]<UL><LI> startup_stm32f10x_md.o(RESET)
</UL>
<P><STRONG><a name="[27]"></a>TIM3_IRQHandler</STRONG> (Thumb, 0 bytes, Stack size 0 bytes, startup_stm32f10x_md.o(.text))
<BR>[Address Reference Count : 1]<UL><LI> startup_stm32f10x_md.o(RESET)
</UL>
<P><STRONG><a name="[28]"></a>TIM4_IRQHandler</STRONG> (Thumb, 0 bytes, Stack size 0 bytes, startup_stm32f10x_md.o(.text))
<BR>[Address Reference Count : 1]<UL><LI> startup_stm32f10x_md.o(RESET)
</UL>
<P><STRONG><a name="[2f]"></a>USART1_IRQHandler</STRONG> (Thumb, 0 bytes, Stack size 0 bytes, startup_stm32f10x_md.o(.text))
<BR>[Address Reference Count : 1]<UL><LI> startup_stm32f10x_md.o(RESET)
</UL>
<P><STRONG><a name="[31]"></a>USART3_IRQHandler</STRONG> (Thumb, 0 bytes, Stack size 0 bytes, startup_stm32f10x_md.o(.text))
<BR>[Address Reference Count : 1]<UL><LI> startup_stm32f10x_md.o(RESET)
</UL>
<P><STRONG><a name="[34]"></a>USBWakeUp_IRQHandler</STRONG> (Thumb, 0 bytes, Stack size 0 bytes, startup_stm32f10x_md.o(.text))
<BR>[Address Reference Count : 1]<UL><LI> startup_stm32f10x_md.o(RESET)
</UL>
<P><STRONG><a name="[1d]"></a>USB_HP_CAN1_TX_IRQHandler</STRONG> (Thumb, 0 bytes, Stack size 0 bytes, startup_stm32f10x_md.o(.text))
<BR>[Address Reference Count : 1]<UL><LI> startup_stm32f10x_md.o(RESET)
</UL>
<P><STRONG><a name="[1e]"></a>USB_LP_CAN1_RX0_IRQHandler</STRONG> (Thumb, 0 bytes, Stack size 0 bytes, startup_stm32f10x_md.o(.text))
<BR>[Address Reference Count : 1]<UL><LI> startup_stm32f10x_md.o(RESET)
</UL>
<P><STRONG><a name="[a]"></a>WWDG_IRQHandler</STRONG> (Thumb, 0 bytes, Stack size 0 bytes, startup_stm32f10x_md.o(.text))
<BR>[Address Reference Count : 1]<UL><LI> startup_stm32f10x_md.o(RESET)
</UL>
<P><STRONG><a name="[41]"></a>__aeabi_memset</STRONG> (Thumb, 14 bytes, Stack size 0 bytes, memseta.o(.text))
<BR><BR>[Called By]<UL><LI><a href="#[42]">&gt;&gt;</a>&nbsp;&nbsp;&nbsp;_memset$wrapper
<LI><a href="#[40]">&gt;&gt;</a>&nbsp;&nbsp;&nbsp;__aeabi_memclr
</UL>

<P><STRONG><a name="[11c]"></a>__aeabi_memset4</STRONG> (Thumb, 0 bytes, Stack size 0 bytes, memseta.o(.text), UNUSED)

<P><STRONG><a name="[11d]"></a>__aeabi_memset8</STRONG> (Thumb, 0 bytes, Stack size 0 bytes, memseta.o(.text), UNUSED)

<P><STRONG><a name="[40]"></a>__aeabi_memclr</STRONG> (Thumb, 4 bytes, Stack size 0 bytes, memseta.o(.text))
<BR><BR>[Calls]<UL><LI><a href="#[41]">&gt;&gt;</a>&nbsp;&nbsp;&nbsp;__aeabi_memset
</UL>
<BR>[Called By]<UL><LI><a href="#[92]">&gt;&gt;</a>&nbsp;&nbsp;&nbsp;BT_Init
</UL>

<P><STRONG><a name="[11e]"></a>__aeabi_memclr4</STRONG> (Thumb, 0 bytes, Stack size 0 bytes, memseta.o(.text), UNUSED)

<P><STRONG><a name="[11f]"></a>__aeabi_memclr8</STRONG> (Thumb, 0 bytes, Stack size 0 bytes, memseta.o(.text), UNUSED)

<P><STRONG><a name="[42]"></a>_memset$wrapper</STRONG> (Thumb, 18 bytes, Stack size 8 bytes, memseta.o(.text), UNUSED)
<BR><BR>[Calls]<UL><LI><a href="#[41]">&gt;&gt;</a>&nbsp;&nbsp;&nbsp;__aeabi_memset
</UL>

<P><STRONG><a name="[96]"></a>strncpy</STRONG> (Thumb, 24 bytes, Stack size 8 bytes, strncpy.o(.text))
<BR><BR>[Stack]<UL><LI>Max Depth = 8<LI>Call Chain = strncpy
</UL>
<BR>[Called By]<UL><LI><a href="#[93]">&gt;&gt;</a>&nbsp;&nbsp;&nbsp;BT_ParseCommand
</UL>

<P><STRONG><a name="[95]"></a>strchr</STRONG> (Thumb, 20 bytes, Stack size 0 bytes, strchr.o(.text))
<BR><BR>[Called By]<UL><LI><a href="#[93]">&gt;&gt;</a>&nbsp;&nbsp;&nbsp;BT_ParseCommand
</UL>

<P><STRONG><a name="[94]"></a>strlen</STRONG> (Thumb, 14 bytes, Stack size 0 bytes, strlen.o(.text))
<BR><BR>[Called By]<UL><LI><a href="#[84]">&gt;&gt;</a>&nbsp;&nbsp;&nbsp;BT_SendResponse
<LI><a href="#[93]">&gt;&gt;</a>&nbsp;&nbsp;&nbsp;BT_ParseCommand
</UL>

<P><STRONG><a name="[97]"></a>strcmp</STRONG> (Thumb, 28 bytes, Stack size 8 bytes, strcmp.o(.text))
<BR><BR>[Stack]<UL><LI>Max Depth = 8<LI>Call Chain = strcmp
</UL>
<BR>[Called By]<UL><LI><a href="#[93]">&gt;&gt;</a>&nbsp;&nbsp;&nbsp;BT_ParseCommand
</UL>

<P><STRONG><a name="[a1]"></a>strtok</STRONG> (Thumb, 62 bytes, Stack size 16 bytes, strtok.o(.text))
<BR><BR>[Stack]<UL><LI>Max Depth = 16<LI>Call Chain = strtok
</UL>
<BR>[Called By]<UL><LI><a href="#[93]">&gt;&gt;</a>&nbsp;&nbsp;&nbsp;BT_ParseCommand
</UL>

<P><STRONG><a name="[43]"></a>__0sscanf</STRONG> (Thumb, 48 bytes, Stack size 72 bytes, __0sscanf.o(.text))
<BR><BR>[Stack]<UL><LI>Max Depth = 264<LI>Call Chain = __0sscanf &rArr; __vfscanf_char &rArr; __vfscanf &rArr; _scanf_real
</UL>
<BR>[Calls]<UL><LI><a href="#[44]">&gt;&gt;</a>&nbsp;&nbsp;&nbsp;__vfscanf_char
</UL>
<BR>[Called By]<UL><LI><a href="#[93]">&gt;&gt;</a>&nbsp;&nbsp;&nbsp;BT_ParseCommand
</UL>

<P><STRONG><a name="[65]"></a>_scanf_real</STRONG> (Thumb, 0 bytes, Stack size 104 bytes, scanf_fp.o(.text))
<BR><BR>[Stack]<UL><LI>Max Depth = 104<LI>Call Chain = _scanf_real
</UL>
<BR>[Called By]<UL><LI><a href="#[5b]">&gt;&gt;</a>&nbsp;&nbsp;&nbsp;__vfscanf
</UL>

<P><STRONG><a name="[49]"></a>_scanf_really_real</STRONG> (Thumb, 556 bytes, Stack size 104 bytes, scanf_fp.o(.text), UNUSED)
<BR><BR>[Calls]<UL><LI><a href="#[4b]">&gt;&gt;</a>&nbsp;&nbsp;&nbsp;__aeabi_d2f
<LI><a href="#[4a]">&gt;&gt;</a>&nbsp;&nbsp;&nbsp;_is_digit
<LI><a href="#[45]">&gt;&gt;</a>&nbsp;&nbsp;&nbsp;_fp_value
</UL>

<P><STRONG><a name="[4c]"></a>atoi</STRONG> (Thumb, 26 bytes, Stack size 16 bytes, atoi.o(.text))
<BR><BR>[Stack]<UL><LI>Max Depth = 88<LI>Call Chain = atoi &rArr; strtol &rArr; _strtoul
</UL>
<BR>[Calls]<UL><LI><a href="#[4e]">&gt;&gt;</a>&nbsp;&nbsp;&nbsp;strtol
<LI><a href="#[4d]">&gt;&gt;</a>&nbsp;&nbsp;&nbsp;__aeabi_errno_addr
</UL>
<BR>[Called By]<UL><LI><a href="#[93]">&gt;&gt;</a>&nbsp;&nbsp;&nbsp;BT_ParseCommand
</UL>

<P><STRONG><a name="[4f]"></a>__aeabi_fadd</STRONG> (Thumb, 164 bytes, Stack size 16 bytes, fadd.o(.text))
<BR><BR>[Stack]<UL><LI>Max Depth = 20<LI>Call Chain = __aeabi_fadd &rArr; _float_epilogue
</UL>
<BR>[Calls]<UL><LI><a href="#[51]">&gt;&gt;</a>&nbsp;&nbsp;&nbsp;_float_round
<LI><a href="#[50]">&gt;&gt;</a>&nbsp;&nbsp;&nbsp;_float_epilogue
</UL>
<BR>[Called By]<UL><LI><a href="#[53]">&gt;&gt;</a>&nbsp;&nbsp;&nbsp;__aeabi_frsub
<LI><a href="#[52]">&gt;&gt;</a>&nbsp;&nbsp;&nbsp;__aeabi_fsub
<LI><a href="#[e7]">&gt;&gt;</a>&nbsp;&nbsp;&nbsp;PID_Control_Update
<LI><a href="#[c8]">&gt;&gt;</a>&nbsp;&nbsp;&nbsp;LSM6DSR_ConvertToPhysics
<LI><a href="#[a7]">&gt;&gt;</a>&nbsp;&nbsp;&nbsp;BlackPoint_Finder_Search
<LI><a href="#[70]">&gt;&gt;</a>&nbsp;&nbsp;&nbsp;ABEncoder_UpdateSpeed
<LI><a href="#[9]">&gt;&gt;</a>&nbsp;&nbsp;&nbsp;SysTick_Handler
<LI><a href="#[eb]">&gt;&gt;</a>&nbsp;&nbsp;&nbsp;SpeedPID_Step
<LI><a href="#[e9]">&gt;&gt;</a>&nbsp;&nbsp;&nbsp;PositionPID_Calculate
</UL>

<P><STRONG><a name="[52]"></a>__aeabi_fsub</STRONG> (Thumb, 6 bytes, Stack size 0 bytes, fadd.o(.text))
<BR><BR>[Stack]<UL><LI>Max Depth = 20<LI>Call Chain = __aeabi_fsub &rArr; __aeabi_fadd &rArr; _float_epilogue
</UL>
<BR>[Calls]<UL><LI><a href="#[4f]">&gt;&gt;</a>&nbsp;&nbsp;&nbsp;__aeabi_fadd
</UL>
<BR>[Called By]<UL><LI><a href="#[e7]">&gt;&gt;</a>&nbsp;&nbsp;&nbsp;PID_Control_Update
<LI><a href="#[c8]">&gt;&gt;</a>&nbsp;&nbsp;&nbsp;LSM6DSR_ConvertToPhysics
<LI><a href="#[eb]">&gt;&gt;</a>&nbsp;&nbsp;&nbsp;SpeedPID_Step
<LI><a href="#[e9]">&gt;&gt;</a>&nbsp;&nbsp;&nbsp;PositionPID_Calculate
</UL>

<P><STRONG><a name="[53]"></a>__aeabi_frsub</STRONG> (Thumb, 6 bytes, Stack size 0 bytes, fadd.o(.text))
<BR><BR>[Stack]<UL><LI>Max Depth = 20<LI>Call Chain = __aeabi_frsub &rArr; __aeabi_fadd &rArr; _float_epilogue
</UL>
<BR>[Calls]<UL><LI><a href="#[4f]">&gt;&gt;</a>&nbsp;&nbsp;&nbsp;__aeabi_fadd
</UL>
<BR>[Called By]<UL><LI><a href="#[e7]">&gt;&gt;</a>&nbsp;&nbsp;&nbsp;PID_Control_Update
</UL>

<P><STRONG><a name="[72]"></a>__aeabi_fmul</STRONG> (Thumb, 100 bytes, Stack size 8 bytes, fmul.o(.text))
<BR><BR>[Stack]<UL><LI>Max Depth = 8<LI>Call Chain = __aeabi_fmul
</UL>
<BR>[Called By]<UL><LI><a href="#[e7]">&gt;&gt;</a>&nbsp;&nbsp;&nbsp;PID_Control_Update
<LI><a href="#[a7]">&gt;&gt;</a>&nbsp;&nbsp;&nbsp;BlackPoint_Finder_Search
<LI><a href="#[70]">&gt;&gt;</a>&nbsp;&nbsp;&nbsp;ABEncoder_UpdateSpeed
<LI><a href="#[9]">&gt;&gt;</a>&nbsp;&nbsp;&nbsp;SysTick_Handler
<LI><a href="#[35]">&gt;&gt;</a>&nbsp;&nbsp;&nbsp;main
<LI><a href="#[80]">&gt;&gt;</a>&nbsp;&nbsp;&nbsp;BT_SpeedPercentToTargetSpeed
<LI><a href="#[7b]">&gt;&gt;</a>&nbsp;&nbsp;&nbsp;BT_ApplyMotion
<LI><a href="#[eb]">&gt;&gt;</a>&nbsp;&nbsp;&nbsp;SpeedPID_Step
<LI><a href="#[ee]">&gt;&gt;</a>&nbsp;&nbsp;&nbsp;SpeedPID_Init
<LI><a href="#[ef]">&gt;&gt;</a>&nbsp;&nbsp;&nbsp;PositionPID_Init
<LI><a href="#[e9]">&gt;&gt;</a>&nbsp;&nbsp;&nbsp;PositionPID_Calculate
</UL>

<P><STRONG><a name="[54]"></a>__aeabi_fdiv</STRONG> (Thumb, 124 bytes, Stack size 8 bytes, fdiv.o(.text))
<BR><BR>[Stack]<UL><LI>Max Depth = 8<LI>Call Chain = __aeabi_fdiv
</UL>
<BR>[Calls]<UL><LI><a href="#[51]">&gt;&gt;</a>&nbsp;&nbsp;&nbsp;_float_round
</UL>
<BR>[Called By]<UL><LI><a href="#[e7]">&gt;&gt;</a>&nbsp;&nbsp;&nbsp;PID_Control_Update
<LI><a href="#[c8]">&gt;&gt;</a>&nbsp;&nbsp;&nbsp;LSM6DSR_ConvertToPhysics
<LI><a href="#[a7]">&gt;&gt;</a>&nbsp;&nbsp;&nbsp;BlackPoint_Finder_Search
<LI><a href="#[80]">&gt;&gt;</a>&nbsp;&nbsp;&nbsp;BT_SpeedPercentToTargetSpeed
</UL>

<P><STRONG><a name="[48]"></a>__aeabi_ddiv</STRONG> (Thumb, 222 bytes, Stack size 32 bytes, ddiv.o(.text), UNUSED)
<BR><BR>[Calls]<UL><LI><a href="#[55]">&gt;&gt;</a>&nbsp;&nbsp;&nbsp;_double_round
</UL>
<BR>[Called By]<UL><LI><a href="#[45]">&gt;&gt;</a>&nbsp;&nbsp;&nbsp;_fp_value
<LI><a href="#[10c]">&gt;&gt;</a>&nbsp;&nbsp;&nbsp;_fp_digits
</UL>

<P><STRONG><a name="[56]"></a>__aeabi_i2f</STRONG> (Thumb, 18 bytes, Stack size 0 bytes, fflti.o(.text))
<BR><BR>[Stack]<UL><LI>Max Depth = 4<LI>Call Chain = __aeabi_i2f &rArr; _float_epilogue
</UL>
<BR>[Calls]<UL><LI><a href="#[50]">&gt;&gt;</a>&nbsp;&nbsp;&nbsp;_float_epilogue
</UL>
<BR>[Called By]<UL><LI><a href="#[e7]">&gt;&gt;</a>&nbsp;&nbsp;&nbsp;PID_Control_Update
<LI><a href="#[c8]">&gt;&gt;</a>&nbsp;&nbsp;&nbsp;LSM6DSR_ConvertToPhysics
<LI><a href="#[a7]">&gt;&gt;</a>&nbsp;&nbsp;&nbsp;BlackPoint_Finder_Search
<LI><a href="#[70]">&gt;&gt;</a>&nbsp;&nbsp;&nbsp;ABEncoder_UpdateSpeed
<LI><a href="#[e8]">&gt;&gt;</a>&nbsp;&nbsp;&nbsp;SpeedPID_ManualUpdateDual
</UL>

<P><STRONG><a name="[57]"></a>__aeabi_ui2f</STRONG> (Thumb, 10 bytes, Stack size 0 bytes, ffltui.o(.text))
<BR><BR>[Stack]<UL><LI>Max Depth = 4<LI>Call Chain = __aeabi_ui2f &rArr; _float_epilogue
</UL>
<BR>[Calls]<UL><LI><a href="#[50]">&gt;&gt;</a>&nbsp;&nbsp;&nbsp;_float_epilogue
</UL>
<BR>[Called By]<UL><LI><a href="#[e7]">&gt;&gt;</a>&nbsp;&nbsp;&nbsp;PID_Control_Update
<LI><a href="#[a7]">&gt;&gt;</a>&nbsp;&nbsp;&nbsp;BlackPoint_Finder_Search
<LI><a href="#[35]">&gt;&gt;</a>&nbsp;&nbsp;&nbsp;main
<LI><a href="#[80]">&gt;&gt;</a>&nbsp;&nbsp;&nbsp;BT_SpeedPercentToTargetSpeed
</UL>

<P><STRONG><a name="[73]"></a>__aeabi_f2iz</STRONG> (Thumb, 50 bytes, Stack size 0 bytes, ffixi.o(.text))
<BR><BR>[Called By]<UL><LI><a href="#[70]">&gt;&gt;</a>&nbsp;&nbsp;&nbsp;ABEncoder_UpdateSpeed
<LI><a href="#[9]">&gt;&gt;</a>&nbsp;&nbsp;&nbsp;SysTick_Handler
</UL>

<P><STRONG><a name="[ab]"></a>__aeabi_f2uiz</STRONG> (Thumb, 40 bytes, Stack size 0 bytes, ffixui.o(.text))
<BR><BR>[Called By]<UL><LI><a href="#[a7]">&gt;&gt;</a>&nbsp;&nbsp;&nbsp;BlackPoint_Finder_Search
<LI><a href="#[d9]">&gt;&gt;</a>&nbsp;&nbsp;&nbsp;Motor_SetSpeedWithDirection
</UL>

<P><STRONG><a name="[9b]"></a>__aeabi_f2d</STRONG> (Thumb, 38 bytes, Stack size 0 bytes, f2d.o(.text))
<BR><BR>[Called By]<UL><LI><a href="#[93]">&gt;&gt;</a>&nbsp;&nbsp;&nbsp;BT_ParseCommand
</UL>

<P><STRONG><a name="[4b]"></a>__aeabi_d2f</STRONG> (Thumb, 56 bytes, Stack size 8 bytes, d2f.o(.text), UNUSED)
<BR><BR>[Calls]<UL><LI><a href="#[51]">&gt;&gt;</a>&nbsp;&nbsp;&nbsp;_float_round
</UL>
<BR>[Called By]<UL><LI><a href="#[49]">&gt;&gt;</a>&nbsp;&nbsp;&nbsp;_scanf_really_real
</UL>

<P><STRONG><a name="[120]"></a>__aeabi_cfcmpeq</STRONG> (Thumb, 0 bytes, Stack size 0 bytes, cfcmple.o(.text), UNUSED)

<P><STRONG><a name="[aa]"></a>__aeabi_cfcmple</STRONG> (Thumb, 20 bytes, Stack size 0 bytes, cfcmple.o(.text))
<BR><BR>[Called By]<UL><LI><a href="#[e7]">&gt;&gt;</a>&nbsp;&nbsp;&nbsp;PID_Control_Update
<LI><a href="#[a7]">&gt;&gt;</a>&nbsp;&nbsp;&nbsp;BlackPoint_Finder_Search
<LI><a href="#[eb]">&gt;&gt;</a>&nbsp;&nbsp;&nbsp;SpeedPID_Step
<LI><a href="#[e8]">&gt;&gt;</a>&nbsp;&nbsp;&nbsp;SpeedPID_ManualUpdateDual
<LI><a href="#[e9]">&gt;&gt;</a>&nbsp;&nbsp;&nbsp;PositionPID_Calculate
<LI><a href="#[d9]">&gt;&gt;</a>&nbsp;&nbsp;&nbsp;Motor_SetSpeedWithDirection
</UL>

<P><STRONG><a name="[a9]"></a>__aeabi_cfrcmple</STRONG> (Thumb, 20 bytes, Stack size 0 bytes, cfrcmple.o(.text))
<BR><BR>[Called By]<UL><LI><a href="#[e7]">&gt;&gt;</a>&nbsp;&nbsp;&nbsp;PID_Control_Update
<LI><a href="#[a7]">&gt;&gt;</a>&nbsp;&nbsp;&nbsp;BlackPoint_Finder_Search
<LI><a href="#[eb]">&gt;&gt;</a>&nbsp;&nbsp;&nbsp;SpeedPID_Step
<LI><a href="#[e8]">&gt;&gt;</a>&nbsp;&nbsp;&nbsp;SpeedPID_ManualUpdateDual
<LI><a href="#[e9]">&gt;&gt;</a>&nbsp;&nbsp;&nbsp;PositionPID_Calculate
</UL>

<P><STRONG><a name="[121]"></a>__aeabi_uidiv</STRONG> (Thumb, 0 bytes, Stack size 12 bytes, uidiv.o(.text), UNUSED)

<P><STRONG><a name="[110]"></a>__aeabi_uidivmod</STRONG> (Thumb, 44 bytes, Stack size 12 bytes, uidiv.o(.text), UNUSED)
<BR><BR>[Called By]<UL><LI><a href="#[10a]">&gt;&gt;</a>&nbsp;&nbsp;&nbsp;_printf_core
</UL>

<P><STRONG><a name="[58]"></a>__aeabi_uldivmod</STRONG> (Thumb, 98 bytes, Stack size 40 bytes, uldiv.o(.text), UNUSED)
<BR><BR>[Calls]<UL><LI><a href="#[59]">&gt;&gt;</a>&nbsp;&nbsp;&nbsp;__aeabi_llsr
<LI><a href="#[5a]">&gt;&gt;</a>&nbsp;&nbsp;&nbsp;__aeabi_llsl
</UL>
<BR>[Called By]<UL><LI><a href="#[10a]">&gt;&gt;</a>&nbsp;&nbsp;&nbsp;_printf_core
<LI><a href="#[10c]">&gt;&gt;</a>&nbsp;&nbsp;&nbsp;_fp_digits
</UL>

<P><STRONG><a name="[44]"></a>__vfscanf_char</STRONG> (Thumb, 20 bytes, Stack size 0 bytes, scanf_char.o(.text))
<BR><BR>[Stack]<UL><LI>Max Depth = 192<LI>Call Chain = __vfscanf_char &rArr; __vfscanf &rArr; _scanf_real
</UL>
<BR>[Calls]<UL><LI><a href="#[5b]">&gt;&gt;</a>&nbsp;&nbsp;&nbsp;__vfscanf
</UL>
<BR>[Called By]<UL><LI><a href="#[43]">&gt;&gt;</a>&nbsp;&nbsp;&nbsp;__0sscanf
</UL>

<P><STRONG><a name="[38]"></a>_sgetc</STRONG> (Thumb, 30 bytes, Stack size 0 bytes, _sgetc.o(.text))
<BR>[Address Reference Count : 1]<UL><LI> __0sscanf.o(.text)
</UL>
<P><STRONG><a name="[39]"></a>_sbackspace</STRONG> (Thumb, 34 bytes, Stack size 0 bytes, _sgetc.o(.text))
<BR>[Address Reference Count : 1]<UL><LI> __0sscanf.o(.text)
</UL>
<P><STRONG><a name="[4e]"></a>strtol</STRONG> (Thumb, 112 bytes, Stack size 32 bytes, strtol.o(.text))
<BR><BR>[Stack]<UL><LI>Max Depth = 72<LI>Call Chain = strtol &rArr; _strtoul
</UL>
<BR>[Calls]<UL><LI><a href="#[5d]">&gt;&gt;</a>&nbsp;&nbsp;&nbsp;_strtoul
<LI><a href="#[5c]">&gt;&gt;</a>&nbsp;&nbsp;&nbsp;__rt_ctype_table
<LI><a href="#[4d]">&gt;&gt;</a>&nbsp;&nbsp;&nbsp;__aeabi_errno_addr
</UL>
<BR>[Called By]<UL><LI><a href="#[4c]">&gt;&gt;</a>&nbsp;&nbsp;&nbsp;atoi
</UL>

<P><STRONG><a name="[122]"></a>__I$use$fp</STRONG> (Thumb, 0 bytes, Stack size 0 bytes, iusefp.o(.text), UNUSED)

<P><STRONG><a name="[51]"></a>_float_round</STRONG> (Thumb, 18 bytes, Stack size 0 bytes, fepilogue.o(.text))
<BR><BR>[Called By]<UL><LI><a href="#[4b]">&gt;&gt;</a>&nbsp;&nbsp;&nbsp;__aeabi_d2f
<LI><a href="#[4f]">&gt;&gt;</a>&nbsp;&nbsp;&nbsp;__aeabi_fadd
<LI><a href="#[54]">&gt;&gt;</a>&nbsp;&nbsp;&nbsp;__aeabi_fdiv
</UL>

<P><STRONG><a name="[50]"></a>_float_epilogue</STRONG> (Thumb, 92 bytes, Stack size 4 bytes, fepilogue.o(.text))
<BR><BR>[Stack]<UL><LI>Max Depth = 4<LI>Call Chain = _float_epilogue
</UL>
<BR>[Called By]<UL><LI><a href="#[56]">&gt;&gt;</a>&nbsp;&nbsp;&nbsp;__aeabi_i2f
<LI><a href="#[4f]">&gt;&gt;</a>&nbsp;&nbsp;&nbsp;__aeabi_fadd
<LI><a href="#[57]">&gt;&gt;</a>&nbsp;&nbsp;&nbsp;__aeabi_ui2f
</UL>

<P><STRONG><a name="[55]"></a>_double_round</STRONG> (Thumb, 30 bytes, Stack size 8 bytes, depilogue.o(.text), UNUSED)
<BR><BR>[Called By]<UL><LI><a href="#[48]">&gt;&gt;</a>&nbsp;&nbsp;&nbsp;__aeabi_ddiv
<LI><a href="#[5e]">&gt;&gt;</a>&nbsp;&nbsp;&nbsp;_double_epilogue
<LI><a href="#[5f]">&gt;&gt;</a>&nbsp;&nbsp;&nbsp;__aeabi_dadd
</UL>

<P><STRONG><a name="[5e]"></a>_double_epilogue</STRONG> (Thumb, 156 bytes, Stack size 32 bytes, depilogue.o(.text), UNUSED)
<BR><BR>[Calls]<UL><LI><a href="#[59]">&gt;&gt;</a>&nbsp;&nbsp;&nbsp;__aeabi_llsr
<LI><a href="#[5a]">&gt;&gt;</a>&nbsp;&nbsp;&nbsp;__aeabi_llsl
<LI><a href="#[55]">&gt;&gt;</a>&nbsp;&nbsp;&nbsp;_double_round
</UL>
<BR>[Called By]<UL><LI><a href="#[46]">&gt;&gt;</a>&nbsp;&nbsp;&nbsp;__aeabi_ul2d
<LI><a href="#[47]">&gt;&gt;</a>&nbsp;&nbsp;&nbsp;__aeabi_dmul
<LI><a href="#[5f]">&gt;&gt;</a>&nbsp;&nbsp;&nbsp;__aeabi_dadd
</UL>

<P><STRONG><a name="[5f]"></a>__aeabi_dadd</STRONG> (Thumb, 322 bytes, Stack size 48 bytes, dadd.o(.text), UNUSED)
<BR><BR>[Calls]<UL><LI><a href="#[60]">&gt;&gt;</a>&nbsp;&nbsp;&nbsp;__aeabi_lasr
<LI><a href="#[5a]">&gt;&gt;</a>&nbsp;&nbsp;&nbsp;__aeabi_llsl
<LI><a href="#[5e]">&gt;&gt;</a>&nbsp;&nbsp;&nbsp;_double_epilogue
<LI><a href="#[55]">&gt;&gt;</a>&nbsp;&nbsp;&nbsp;_double_round
</UL>
<BR>[Called By]<UL><LI><a href="#[62]">&gt;&gt;</a>&nbsp;&nbsp;&nbsp;__aeabi_drsub
<LI><a href="#[61]">&gt;&gt;</a>&nbsp;&nbsp;&nbsp;__aeabi_dsub
<LI><a href="#[10c]">&gt;&gt;</a>&nbsp;&nbsp;&nbsp;_fp_digits
</UL>

<P><STRONG><a name="[61]"></a>__aeabi_dsub</STRONG> (Thumb, 6 bytes, Stack size 0 bytes, dadd.o(.text), UNUSED)
<BR><BR>[Calls]<UL><LI><a href="#[5f]">&gt;&gt;</a>&nbsp;&nbsp;&nbsp;__aeabi_dadd
</UL>

<P><STRONG><a name="[62]"></a>__aeabi_drsub</STRONG> (Thumb, 6 bytes, Stack size 0 bytes, dadd.o(.text), UNUSED)
<BR><BR>[Calls]<UL><LI><a href="#[5f]">&gt;&gt;</a>&nbsp;&nbsp;&nbsp;__aeabi_dadd
</UL>

<P><STRONG><a name="[47]"></a>__aeabi_dmul</STRONG> (Thumb, 228 bytes, Stack size 48 bytes, dmul.o(.text), UNUSED)
<BR><BR>[Calls]<UL><LI><a href="#[5e]">&gt;&gt;</a>&nbsp;&nbsp;&nbsp;_double_epilogue
</UL>
<BR>[Called By]<UL><LI><a href="#[45]">&gt;&gt;</a>&nbsp;&nbsp;&nbsp;_fp_value
<LI><a href="#[10c]">&gt;&gt;</a>&nbsp;&nbsp;&nbsp;_fp_digits
</UL>

<P><STRONG><a name="[46]"></a>__aeabi_ul2d</STRONG> (Thumb, 24 bytes, Stack size 16 bytes, dfltul.o(.text), UNUSED)
<BR><BR>[Calls]<UL><LI><a href="#[5e]">&gt;&gt;</a>&nbsp;&nbsp;&nbsp;_double_epilogue
</UL>
<BR>[Called By]<UL><LI><a href="#[45]">&gt;&gt;</a>&nbsp;&nbsp;&nbsp;_fp_value
</UL>

<P><STRONG><a name="[63]"></a>__aeabi_d2ulz</STRONG> (Thumb, 48 bytes, Stack size 0 bytes, dfixul.o(.text), UNUSED)
<BR><BR>[Calls]<UL><LI><a href="#[59]">&gt;&gt;</a>&nbsp;&nbsp;&nbsp;__aeabi_llsr
<LI><a href="#[5a]">&gt;&gt;</a>&nbsp;&nbsp;&nbsp;__aeabi_llsl
</UL>
<BR>[Called By]<UL><LI><a href="#[10c]">&gt;&gt;</a>&nbsp;&nbsp;&nbsp;_fp_digits
</UL>

<P><STRONG><a name="[10d]"></a>__aeabi_cdrcmple</STRONG> (Thumb, 48 bytes, Stack size 0 bytes, cdrcmple.o(.text), UNUSED)
<BR><BR>[Called By]<UL><LI><a href="#[10c]">&gt;&gt;</a>&nbsp;&nbsp;&nbsp;_fp_digits
</UL>

<P><STRONG><a name="[111]"></a>__ARM_fcmp4</STRONG> (Thumb, 54 bytes, Stack size 0 bytes, fcmp4.o(.text))
<BR><BR>[Called By]<UL><LI><a href="#[ea]">&gt;&gt;</a>&nbsp;&nbsp;&nbsp;fminf
</UL>

<P><STRONG><a name="[123]"></a>_fcmp4</STRONG> (Thumb, 0 bytes, Stack size 0 bytes, fcmp4.o(.text), UNUSED)

<P><STRONG><a name="[3f]"></a>__scatterload</STRONG> (Thumb, 28 bytes, Stack size 0 bytes, init.o(.text))
<BR><BR>[Calls]<UL><LI><a href="#[64]">&gt;&gt;</a>&nbsp;&nbsp;&nbsp;__main_after_scatterload
</UL>
<BR>[Called By]<UL><LI><a href="#[3e]">&gt;&gt;</a>&nbsp;&nbsp;&nbsp;_main_scatterload
</UL>

<P><STRONG><a name="[124]"></a>__scatterload_rt2</STRONG> (Thumb, 0 bytes, Stack size 0 bytes, init.o(.text), UNUSED)

<P><STRONG><a name="[5a]"></a>__aeabi_llsl</STRONG> (Thumb, 30 bytes, Stack size 0 bytes, llshl.o(.text), UNUSED)
<BR><BR>[Called By]<UL><LI><a href="#[5e]">&gt;&gt;</a>&nbsp;&nbsp;&nbsp;_double_epilogue
<LI><a href="#[58]">&gt;&gt;</a>&nbsp;&nbsp;&nbsp;__aeabi_uldivmod
<LI><a href="#[5f]">&gt;&gt;</a>&nbsp;&nbsp;&nbsp;__aeabi_dadd
<LI><a href="#[63]">&gt;&gt;</a>&nbsp;&nbsp;&nbsp;__aeabi_d2ulz
</UL>

<P><STRONG><a name="[125]"></a>_ll_shift_l</STRONG> (Thumb, 0 bytes, Stack size 0 bytes, llshl.o(.text), UNUSED)

<P><STRONG><a name="[59]"></a>__aeabi_llsr</STRONG> (Thumb, 32 bytes, Stack size 0 bytes, llushr.o(.text), UNUSED)
<BR><BR>[Called By]<UL><LI><a href="#[5e]">&gt;&gt;</a>&nbsp;&nbsp;&nbsp;_double_epilogue
<LI><a href="#[58]">&gt;&gt;</a>&nbsp;&nbsp;&nbsp;__aeabi_uldivmod
<LI><a href="#[63]">&gt;&gt;</a>&nbsp;&nbsp;&nbsp;__aeabi_d2ulz
</UL>

<P><STRONG><a name="[126]"></a>_ll_ushift_r</STRONG> (Thumb, 0 bytes, Stack size 0 bytes, llushr.o(.text), UNUSED)

<P><STRONG><a name="[60]"></a>__aeabi_lasr</STRONG> (Thumb, 36 bytes, Stack size 0 bytes, llsshr.o(.text), UNUSED)
<BR><BR>[Called By]<UL><LI><a href="#[5f]">&gt;&gt;</a>&nbsp;&nbsp;&nbsp;__aeabi_dadd
</UL>

<P><STRONG><a name="[127]"></a>_ll_sshift_r</STRONG> (Thumb, 0 bytes, Stack size 0 bytes, llsshr.o(.text), UNUSED)

<P><STRONG><a name="[5c]"></a>__rt_ctype_table</STRONG> (Thumb, 4 bytes, Stack size 0 bytes, ctype_o.o(.text))
<BR><BR>[Called By]<UL><LI><a href="#[3b]">&gt;&gt;</a>&nbsp;&nbsp;&nbsp;isspace
<LI><a href="#[4e]">&gt;&gt;</a>&nbsp;&nbsp;&nbsp;strtol
</UL>

<P><STRONG><a name="[3b]"></a>isspace</STRONG> (Thumb, 18 bytes, Stack size 8 bytes, isspace_o.o(.text))
<BR><BR>[Stack]<UL><LI>Max Depth = 8<LI>Call Chain = isspace
</UL>
<BR>[Calls]<UL><LI><a href="#[5c]">&gt;&gt;</a>&nbsp;&nbsp;&nbsp;__rt_ctype_table
</UL>
<BR>[Address Reference Count : 1]<UL><LI> scanf_char.o(.text)
</UL>
<P><STRONG><a name="[5b]"></a>__vfscanf</STRONG> (Thumb, 810 bytes, Stack size 88 bytes, _scanf.o(.text))
<BR><BR>[Stack]<UL><LI>Max Depth = 192<LI>Call Chain = __vfscanf &rArr; _scanf_real
</UL>
<BR>[Calls]<UL><LI><a href="#[65]">&gt;&gt;</a>&nbsp;&nbsp;&nbsp;_scanf_real
</UL>
<BR>[Called By]<UL><LI><a href="#[44]">&gt;&gt;</a>&nbsp;&nbsp;&nbsp;__vfscanf_char
</UL>

<P><STRONG><a name="[5d]"></a>_strtoul</STRONG> (Thumb, 158 bytes, Stack size 40 bytes, _strtoul.o(.text))
<BR><BR>[Stack]<UL><LI>Max Depth = 40<LI>Call Chain = _strtoul
</UL>
<BR>[Calls]<UL><LI><a href="#[66]">&gt;&gt;</a>&nbsp;&nbsp;&nbsp;_chval
<LI><a href="#[4d]">&gt;&gt;</a>&nbsp;&nbsp;&nbsp;__aeabi_errno_addr
</UL>
<BR>[Called By]<UL><LI><a href="#[4e]">&gt;&gt;</a>&nbsp;&nbsp;&nbsp;strtol
</UL>

<P><STRONG><a name="[66]"></a>_chval</STRONG> (Thumb, 28 bytes, Stack size 0 bytes, _chval.o(.text))
<BR><BR>[Called By]<UL><LI><a href="#[5d]">&gt;&gt;</a>&nbsp;&nbsp;&nbsp;_strtoul
</UL>

<P><STRONG><a name="[67]"></a>ABEncoder_Init</STRONG> (Thumb, 204 bytes, Stack size 24 bytes, abencoder.o(i.ABEncoder_Init))
<BR><BR>[Stack]<UL><LI>Max Depth = 48<LI>Call Chain = ABEncoder_Init &rArr; GPIO_Init
</UL>
<BR>[Calls]<UL><LI><a href="#[6a]">&gt;&gt;</a>&nbsp;&nbsp;&nbsp;GPIO_Init
<LI><a href="#[68]">&gt;&gt;</a>&nbsp;&nbsp;&nbsp;RCC_APB2PeriphClockCmd
<LI><a href="#[69]">&gt;&gt;</a>&nbsp;&nbsp;&nbsp;RCC_APB1PeriphClockCmd
<LI><a href="#[6b]">&gt;&gt;</a>&nbsp;&nbsp;&nbsp;TIM_TimeBaseInit
<LI><a href="#[6e]">&gt;&gt;</a>&nbsp;&nbsp;&nbsp;TIM_SetCounter
<LI><a href="#[6c]">&gt;&gt;</a>&nbsp;&nbsp;&nbsp;TIM_EncoderInterfaceConfig
<LI><a href="#[6f]">&gt;&gt;</a>&nbsp;&nbsp;&nbsp;TIM_Cmd
<LI><a href="#[6d]">&gt;&gt;</a>&nbsp;&nbsp;&nbsp;TIM_ClearFlag
</UL>
<BR>[Called By]<UL><LI><a href="#[35]">&gt;&gt;</a>&nbsp;&nbsp;&nbsp;main
</UL>

<P><STRONG><a name="[70]"></a>ABEncoder_UpdateSpeed</STRONG> (Thumb, 186 bytes, Stack size 32 bytes, abencoder.o(i.ABEncoder_UpdateSpeed))
<BR><BR>[Stack]<UL><LI>Max Depth = 52<LI>Call Chain = ABEncoder_UpdateSpeed &rArr; __aeabi_fadd &rArr; _float_epilogue
</UL>
<BR>[Calls]<UL><LI><a href="#[56]">&gt;&gt;</a>&nbsp;&nbsp;&nbsp;__aeabi_i2f
<LI><a href="#[4f]">&gt;&gt;</a>&nbsp;&nbsp;&nbsp;__aeabi_fadd
<LI><a href="#[73]">&gt;&gt;</a>&nbsp;&nbsp;&nbsp;__aeabi_f2iz
<LI><a href="#[72]">&gt;&gt;</a>&nbsp;&nbsp;&nbsp;__aeabi_fmul
<LI><a href="#[71]">&gt;&gt;</a>&nbsp;&nbsp;&nbsp;TIM_GetCounter
</UL>
<BR>[Called By]<UL><LI><a href="#[9]">&gt;&gt;</a>&nbsp;&nbsp;&nbsp;SysTick_Handler
</UL>

<P><STRONG><a name="[de]"></a>ADC_Cmd</STRONG> (Thumb, 22 bytes, Stack size 0 bytes, stm32f10x_adc.o(i.ADC_Cmd))
<BR><BR>[Called By]<UL><LI><a href="#[db]">&gt;&gt;</a>&nbsp;&nbsp;&nbsp;MuxADC_Init
</UL>

<P><STRONG><a name="[74]"></a>ADC_DeInit</STRONG> (Thumb, 78 bytes, Stack size 8 bytes, stm32f10x_adc.o(i.ADC_DeInit))
<BR><BR>[Stack]<UL><LI>Max Depth = 8<LI>Call Chain = ADC_DeInit
</UL>
<BR>[Calls]<UL><LI><a href="#[75]">&gt;&gt;</a>&nbsp;&nbsp;&nbsp;RCC_APB2PeriphResetCmd
</UL>
<BR>[Called By]<UL><LI><a href="#[db]">&gt;&gt;</a>&nbsp;&nbsp;&nbsp;MuxADC_Init
</UL>

<P><STRONG><a name="[e2]"></a>ADC_GetCalibrationStatus</STRONG> (Thumb, 20 bytes, Stack size 0 bytes, stm32f10x_adc.o(i.ADC_GetCalibrationStatus))
<BR><BR>[Called By]<UL><LI><a href="#[db]">&gt;&gt;</a>&nbsp;&nbsp;&nbsp;MuxADC_Init
</UL>

<P><STRONG><a name="[7a]"></a>ADC_GetConversionValue</STRONG> (Thumb, 8 bytes, Stack size 0 bytes, stm32f10x_adc.o(i.ADC_GetConversionValue))
<BR><BR>[Called By]<UL><LI><a href="#[e5]">&gt;&gt;</a>&nbsp;&nbsp;&nbsp;MuxADC_ReadOnce
<LI><a href="#[76]">&gt;&gt;</a>&nbsp;&nbsp;&nbsp;ADC_Read_PA0
</UL>

<P><STRONG><a name="[79]"></a>ADC_GetFlagStatus</STRONG> (Thumb, 18 bytes, Stack size 0 bytes, stm32f10x_adc.o(i.ADC_GetFlagStatus))
<BR><BR>[Called By]<UL><LI><a href="#[e5]">&gt;&gt;</a>&nbsp;&nbsp;&nbsp;MuxADC_ReadOnce
<LI><a href="#[76]">&gt;&gt;</a>&nbsp;&nbsp;&nbsp;ADC_Read_PA0
</UL>

<P><STRONG><a name="[e0]"></a>ADC_GetResetCalibrationStatus</STRONG> (Thumb, 20 bytes, Stack size 0 bytes, stm32f10x_adc.o(i.ADC_GetResetCalibrationStatus))
<BR><BR>[Called By]<UL><LI><a href="#[db]">&gt;&gt;</a>&nbsp;&nbsp;&nbsp;MuxADC_Init
</UL>

<P><STRONG><a name="[dd]"></a>ADC_Init</STRONG> (Thumb, 70 bytes, Stack size 12 bytes, stm32f10x_adc.o(i.ADC_Init))
<BR><BR>[Stack]<UL><LI>Max Depth = 12<LI>Call Chain = ADC_Init
</UL>
<BR>[Called By]<UL><LI><a href="#[db]">&gt;&gt;</a>&nbsp;&nbsp;&nbsp;MuxADC_Init
</UL>

<P><STRONG><a name="[77]"></a>ADC_RegularChannelConfig</STRONG> (Thumb, 184 bytes, Stack size 20 bytes, stm32f10x_adc.o(i.ADC_RegularChannelConfig))
<BR><BR>[Stack]<UL><LI>Max Depth = 20<LI>Call Chain = ADC_RegularChannelConfig
</UL>
<BR>[Called By]<UL><LI><a href="#[e5]">&gt;&gt;</a>&nbsp;&nbsp;&nbsp;MuxADC_ReadOnce
<LI><a href="#[76]">&gt;&gt;</a>&nbsp;&nbsp;&nbsp;ADC_Read_PA0
</UL>

<P><STRONG><a name="[df]"></a>ADC_ResetCalibration</STRONG> (Thumb, 10 bytes, Stack size 0 bytes, stm32f10x_adc.o(i.ADC_ResetCalibration))
<BR><BR>[Called By]<UL><LI><a href="#[db]">&gt;&gt;</a>&nbsp;&nbsp;&nbsp;MuxADC_Init
</UL>

<P><STRONG><a name="[78]"></a>ADC_SoftwareStartConvCmd</STRONG> (Thumb, 22 bytes, Stack size 0 bytes, stm32f10x_adc.o(i.ADC_SoftwareStartConvCmd))
<BR><BR>[Called By]<UL><LI><a href="#[e5]">&gt;&gt;</a>&nbsp;&nbsp;&nbsp;MuxADC_ReadOnce
<LI><a href="#[76]">&gt;&gt;</a>&nbsp;&nbsp;&nbsp;ADC_Read_PA0
</UL>

<P><STRONG><a name="[e1]"></a>ADC_StartCalibration</STRONG> (Thumb, 10 bytes, Stack size 0 bytes, stm32f10x_adc.o(i.ADC_StartCalibration))
<BR><BR>[Called By]<UL><LI><a href="#[db]">&gt;&gt;</a>&nbsp;&nbsp;&nbsp;MuxADC_Init
</UL>

<P><STRONG><a name="[83]"></a>BT_ClearEmergencyStop</STRONG> (Thumb, 16 bytes, Stack size 8 bytes, btcomm.o(i.BT_ClearEmergencyStop))
<BR><BR>[Stack]<UL><LI>Max Depth = 56<LI>Call Chain = BT_ClearEmergencyStop &rArr; BT_SendResponse &rArr; Uart2_SendBuf &rArr; Uart2_PutChar
</UL>
<BR>[Calls]<UL><LI><a href="#[84]">&gt;&gt;</a>&nbsp;&nbsp;&nbsp;BT_SendResponse
</UL>
<BR>[Called By]<UL><LI><a href="#[af]">&gt;&gt;</a>&nbsp;&nbsp;&nbsp;HandleKeyEvent
<LI><a href="#[93]">&gt;&gt;</a>&nbsp;&nbsp;&nbsp;BT_ParseCommand
</UL>

<P><STRONG><a name="[85]"></a>BT_EmergencyStop</STRONG> (Thumb, 50 bytes, Stack size 8 bytes, btcomm.o(i.BT_EmergencyStop))
<BR><BR>[Stack]<UL><LI>Max Depth = 56<LI>Call Chain = BT_EmergencyStop &rArr; BT_SendResponse &rArr; Uart2_SendBuf &rArr; Uart2_PutChar
</UL>
<BR>[Calls]<UL><LI><a href="#[87]">&gt;&gt;</a>&nbsp;&nbsp;&nbsp;M3PWM_Stop
<LI><a href="#[7c]">&gt;&gt;</a>&nbsp;&nbsp;&nbsp;Motor_StopAll
<LI><a href="#[7d]">&gt;&gt;</a>&nbsp;&nbsp;&nbsp;Motor_Disable
<LI><a href="#[86]">&gt;&gt;</a>&nbsp;&nbsp;&nbsp;M3PWM_SetDutyCycle
<LI><a href="#[84]">&gt;&gt;</a>&nbsp;&nbsp;&nbsp;BT_SendResponse
</UL>
<BR>[Called By]<UL><LI><a href="#[af]">&gt;&gt;</a>&nbsp;&nbsp;&nbsp;HandleKeyEvent
<LI><a href="#[93]">&gt;&gt;</a>&nbsp;&nbsp;&nbsp;BT_ParseCommand
</UL>

<P><STRONG><a name="[114]"></a>BT_GetState</STRONG> (Thumb, 48 bytes, Stack size 0 bytes, btcomm.o(i.BT_GetState))
<BR><BR>[Called By]<UL><LI><a href="#[35]">&gt;&gt;</a>&nbsp;&nbsp;&nbsp;main
</UL>

<P><STRONG><a name="[89]"></a>BT_HandleKeyControlModeChange</STRONG> (Thumb, 12 bytes, Stack size 8 bytes, btcomm.o(i.BT_HandleKeyControlModeChange))
<BR><BR>[Stack]<UL><LI>Max Depth = 64<LI>Call Chain = BT_HandleKeyControlModeChange &rArr; BT_HandleKeyControlMode &rArr; BT_SendResponse &rArr; Uart2_SendBuf &rArr; Uart2_PutChar
</UL>
<BR>[Calls]<UL><LI><a href="#[88]">&gt;&gt;</a>&nbsp;&nbsp;&nbsp;BT_HandleKeyControlMode
</UL>
<BR>[Called By]<UL><LI><a href="#[af]">&gt;&gt;</a>&nbsp;&nbsp;&nbsp;HandleKeyEvent
</UL>

<P><STRONG><a name="[92]"></a>BT_Init</STRONG> (Thumb, 56 bytes, Stack size 8 bytes, btcomm.o(i.BT_Init))
<BR><BR>[Stack]<UL><LI>Max Depth = 8<LI>Call Chain = BT_Init
</UL>
<BR>[Calls]<UL><LI><a href="#[40]">&gt;&gt;</a>&nbsp;&nbsp;&nbsp;__aeabi_memclr
</UL>
<BR>[Called By]<UL><LI><a href="#[35]">&gt;&gt;</a>&nbsp;&nbsp;&nbsp;main
</UL>

<P><STRONG><a name="[b0]"></a>BT_IsEmergencyStopped</STRONG> (Thumb, 6 bytes, Stack size 0 bytes, btcomm.o(i.BT_IsEmergencyStopped))
<BR><BR>[Called By]<UL><LI><a href="#[af]">&gt;&gt;</a>&nbsp;&nbsp;&nbsp;HandleKeyEvent
</UL>

<P><STRONG><a name="[a3]"></a>BT_Process</STRONG> (Thumb, 120 bytes, Stack size 16 bytes, btcomm.o(i.BT_Process))
<BR><BR>[Stack]<UL><LI>Max Depth = 480<LI>Call Chain = BT_Process &rArr; BT_ParseCommand &rArr; __0sscanf &rArr; __vfscanf_char &rArr; __vfscanf &rArr; _scanf_real
</UL>
<BR>[Calls]<UL><LI><a href="#[a4]">&gt;&gt;</a>&nbsp;&nbsp;&nbsp;Uart2_ReadByte
<LI><a href="#[93]">&gt;&gt;</a>&nbsp;&nbsp;&nbsp;BT_ParseCommand
</UL>
<BR>[Called By]<UL><LI><a href="#[35]">&gt;&gt;</a>&nbsp;&nbsp;&nbsp;main
</UL>

<P><STRONG><a name="[98]"></a>BT_VacuumControl</STRONG> (Thumb, 90 bytes, Stack size 16 bytes, btcomm.o(i.BT_VacuumControl))
<BR><BR>[Stack]<UL><LI>Max Depth = 64<LI>Call Chain = BT_VacuumControl &rArr; BT_SendResponse &rArr; Uart2_SendBuf &rArr; Uart2_PutChar
</UL>
<BR>[Calls]<UL><LI><a href="#[87]">&gt;&gt;</a>&nbsp;&nbsp;&nbsp;M3PWM_Stop
<LI><a href="#[a6]">&gt;&gt;</a>&nbsp;&nbsp;&nbsp;M3PWM_Start
<LI><a href="#[86]">&gt;&gt;</a>&nbsp;&nbsp;&nbsp;M3PWM_SetDutyCycle
<LI><a href="#[84]">&gt;&gt;</a>&nbsp;&nbsp;&nbsp;BT_SendResponse
</UL>
<BR>[Called By]<UL><LI><a href="#[93]">&gt;&gt;</a>&nbsp;&nbsp;&nbsp;BT_ParseCommand
</UL>

<P><STRONG><a name="[99]"></a>BT_VacuumSetSpeed</STRONG> (Thumb, 64 bytes, Stack size 48 bytes, btcomm.o(i.BT_VacuumSetSpeed))
<BR><BR>[Stack]<UL><LI>Max Depth = 96<LI>Call Chain = BT_VacuumSetSpeed &rArr; BT_SendResponse &rArr; Uart2_SendBuf &rArr; Uart2_PutChar
</UL>
<BR>[Calls]<UL><LI><a href="#[86]">&gt;&gt;</a>&nbsp;&nbsp;&nbsp;M3PWM_SetDutyCycle
<LI><a href="#[84]">&gt;&gt;</a>&nbsp;&nbsp;&nbsp;BT_SendResponse
<LI><a href="#[8b]">&gt;&gt;</a>&nbsp;&nbsp;&nbsp;__2sprintf
</UL>
<BR>[Called By]<UL><LI><a href="#[93]">&gt;&gt;</a>&nbsp;&nbsp;&nbsp;BT_ParseCommand
</UL>

<P><STRONG><a name="[fc]"></a>BlackPoint_Finder_GetSimulateADC</STRONG> (Thumb, 4 bytes, Stack size 0 bytes, blackpoint_finder.o(i.BlackPoint_Finder_GetSimulateADC))
<BR><BR>[Called By]<UL><LI><a href="#[9]">&gt;&gt;</a>&nbsp;&nbsp;&nbsp;SysTick_Handler
</UL>

<P><STRONG><a name="[b5]"></a>BlackPoint_Finder_Init</STRONG> (Thumb, 50 bytes, Stack size 0 bytes, blackpoint_finder.o(i.BlackPoint_Finder_Init))
<BR><BR>[Called By]<UL><LI><a href="#[35]">&gt;&gt;</a>&nbsp;&nbsp;&nbsp;main
<LI><a href="#[af]">&gt;&gt;</a>&nbsp;&nbsp;&nbsp;HandleKeyEvent
</UL>

<P><STRONG><a name="[a8]"></a>BlackPoint_Finder_IsBlackPoint</STRONG> (Thumb, 68 bytes, Stack size 16 bytes, blackpoint_finder.o(i.BlackPoint_Finder_IsBlackPoint))
<BR><BR>[Stack]<UL><LI>Max Depth = 16<LI>Call Chain = BlackPoint_Finder_IsBlackPoint
</UL>
<BR>[Called By]<UL><LI><a href="#[a7]">&gt;&gt;</a>&nbsp;&nbsp;&nbsp;BlackPoint_Finder_Search
<LI><a href="#[af]">&gt;&gt;</a>&nbsp;&nbsp;&nbsp;HandleKeyEvent
</UL>

<P><STRONG><a name="[fb]"></a>BlackPoint_Finder_IsSimulateMode</STRONG> (Thumb, 6 bytes, Stack size 0 bytes, blackpoint_finder.o(i.BlackPoint_Finder_IsSimulateMode))
<BR><BR>[Called By]<UL><LI><a href="#[9]">&gt;&gt;</a>&nbsp;&nbsp;&nbsp;SysTick_Handler
</UL>

<P><STRONG><a name="[a7]"></a>BlackPoint_Finder_Search</STRONG> (Thumb, 270 bytes, Stack size 56 bytes, blackpoint_finder.o(i.BlackPoint_Finder_Search))
<BR><BR>[Stack]<UL><LI>Max Depth = 76<LI>Call Chain = BlackPoint_Finder_Search &rArr; __aeabi_fadd &rArr; _float_epilogue
</UL>
<BR>[Calls]<UL><LI><a href="#[ab]">&gt;&gt;</a>&nbsp;&nbsp;&nbsp;__aeabi_f2uiz
<LI><a href="#[a9]">&gt;&gt;</a>&nbsp;&nbsp;&nbsp;__aeabi_cfrcmple
<LI><a href="#[aa]">&gt;&gt;</a>&nbsp;&nbsp;&nbsp;__aeabi_cfcmple
<LI><a href="#[56]">&gt;&gt;</a>&nbsp;&nbsp;&nbsp;__aeabi_i2f
<LI><a href="#[4f]">&gt;&gt;</a>&nbsp;&nbsp;&nbsp;__aeabi_fadd
<LI><a href="#[57]">&gt;&gt;</a>&nbsp;&nbsp;&nbsp;__aeabi_ui2f
<LI><a href="#[72]">&gt;&gt;</a>&nbsp;&nbsp;&nbsp;__aeabi_fmul
<LI><a href="#[54]">&gt;&gt;</a>&nbsp;&nbsp;&nbsp;__aeabi_fdiv
<LI><a href="#[a8]">&gt;&gt;</a>&nbsp;&nbsp;&nbsp;BlackPoint_Finder_IsBlackPoint
</UL>
<BR>[Called By]<UL><LI><a href="#[9]">&gt;&gt;</a>&nbsp;&nbsp;&nbsp;SysTick_Handler
</UL>

<P><STRONG><a name="[a2]"></a>BlackPoint_Finder_SetSimulateChannels</STRONG> (Thumb, 68 bytes, Stack size 16 bytes, blackpoint_finder.o(i.BlackPoint_Finder_SetSimulateChannels))
<BR><BR>[Stack]<UL><LI>Max Depth = 24<LI>Call Chain = BlackPoint_Finder_SetSimulateChannels &rArr; BlackPoint_Finder_UpdateSimulateADC
</UL>
<BR>[Calls]<UL><LI><a href="#[ac]">&gt;&gt;</a>&nbsp;&nbsp;&nbsp;BlackPoint_Finder_UpdateSimulateADC
</UL>
<BR>[Called By]<UL><LI><a href="#[93]">&gt;&gt;</a>&nbsp;&nbsp;&nbsp;BT_ParseCommand
</UL>

<P><STRONG><a name="[a0]"></a>BlackPoint_Finder_SetSimulateMode</STRONG> (Thumb, 48 bytes, Stack size 8 bytes, blackpoint_finder.o(i.BlackPoint_Finder_SetSimulateMode))
<BR><BR>[Stack]<UL><LI>Max Depth = 16<LI>Call Chain = BlackPoint_Finder_SetSimulateMode &rArr; BlackPoint_Finder_UpdateSimulateADC
</UL>
<BR>[Calls]<UL><LI><a href="#[ac]">&gt;&gt;</a>&nbsp;&nbsp;&nbsp;BlackPoint_Finder_UpdateSimulateADC
</UL>
<BR>[Called By]<UL><LI><a href="#[93]">&gt;&gt;</a>&nbsp;&nbsp;&nbsp;BT_ParseCommand
</UL>

<P><STRONG><a name="[4]"></a>BusFault_Handler</STRONG> (Thumb, 4 bytes, Stack size 0 bytes, stm32f10x_it.o(i.BusFault_Handler))
<BR>[Address Reference Count : 1]<UL><LI> startup_stm32f10x_md.o(RESET)
</UL>
<P><STRONG><a name="[7]"></a>DebugMon_Handler</STRONG> (Thumb, 2 bytes, Stack size 0 bytes, stm32f10x_it.o(i.DebugMon_Handler))
<BR>[Address Reference Count : 1]<UL><LI> startup_stm32f10x_md.o(RESET)
</UL>
<P><STRONG><a name="[ad]"></a>Delay_ms</STRONG> (Thumb, 24 bytes, Stack size 4 bytes, delay.o(i.Delay_ms))
<BR><BR>[Stack]<UL><LI>Max Depth = 4<LI>Call Chain = Delay_ms
</UL>
<BR>[Calls]<UL><LI><a href="#[ae]">&gt;&gt;</a>&nbsp;&nbsp;&nbsp;Delay_us
</UL>
<BR>[Called By]<UL><LI><a href="#[c9]">&gt;&gt;</a>&nbsp;&nbsp;&nbsp;LSM6DSR_Init
</UL>

<P><STRONG><a name="[ae]"></a>Delay_us</STRONG> (Thumb, 26 bytes, Stack size 0 bytes, delay.o(i.Delay_us))
<BR><BR>[Called By]<UL><LI><a href="#[e3]">&gt;&gt;</a>&nbsp;&nbsp;&nbsp;MuxADC_ReadChannel
<LI><a href="#[ad]">&gt;&gt;</a>&nbsp;&nbsp;&nbsp;Delay_ms
</UL>

<P><STRONG><a name="[6a]"></a>GPIO_Init</STRONG> (Thumb, 278 bytes, Stack size 24 bytes, stm32f10x_gpio.o(i.GPIO_Init))
<BR><BR>[Stack]<UL><LI>Max Depth = 24<LI>Call Chain = GPIO_Init
</UL>
<BR>[Called By]<UL><LI><a href="#[bb]">&gt;&gt;</a>&nbsp;&nbsp;&nbsp;HardwareSPI_Init
<LI><a href="#[101]">&gt;&gt;</a>&nbsp;&nbsp;&nbsp;Uart2_Init
<LI><a href="#[f5]">&gt;&gt;</a>&nbsp;&nbsp;&nbsp;RGB_Init
<LI><a href="#[db]">&gt;&gt;</a>&nbsp;&nbsp;&nbsp;MuxADC_Init
<LI><a href="#[d4]">&gt;&gt;</a>&nbsp;&nbsp;&nbsp;Motor_Init
<LI><a href="#[cf]">&gt;&gt;</a>&nbsp;&nbsp;&nbsp;M3PWM_Init
<LI><a href="#[c5]">&gt;&gt;</a>&nbsp;&nbsp;&nbsp;Key_Scan_Init
<LI><a href="#[67]">&gt;&gt;</a>&nbsp;&nbsp;&nbsp;ABEncoder_Init
</UL>

<P><STRONG><a name="[d0]"></a>GPIO_PinRemapConfig</STRONG> (Thumb, 138 bytes, Stack size 20 bytes, stm32f10x_gpio.o(i.GPIO_PinRemapConfig))
<BR><BR>[Stack]<UL><LI>Max Depth = 20<LI>Call Chain = GPIO_PinRemapConfig
</UL>
<BR>[Called By]<UL><LI><a href="#[f5]">&gt;&gt;</a>&nbsp;&nbsp;&nbsp;RGB_Init
<LI><a href="#[cf]">&gt;&gt;</a>&nbsp;&nbsp;&nbsp;M3PWM_Init
</UL>

<P><STRONG><a name="[c4]"></a>GPIO_ReadInputDataBit</STRONG> (Thumb, 18 bytes, Stack size 0 bytes, stm32f10x_gpio.o(i.GPIO_ReadInputDataBit))
<BR><BR>[Called By]<UL><LI><a href="#[c3]">&gt;&gt;</a>&nbsp;&nbsp;&nbsp;Key_ReadRaw
</UL>

<P><STRONG><a name="[ba]"></a>GPIO_ResetBits</STRONG> (Thumb, 4 bytes, Stack size 0 bytes, stm32f10x_gpio.o(i.GPIO_ResetBits))
<BR><BR>[Called By]<UL><LI><a href="#[b9]">&gt;&gt;</a>&nbsp;&nbsp;&nbsp;HardwareSPI_CS_Low
<LI><a href="#[d6]">&gt;&gt;</a>&nbsp;&nbsp;&nbsp;Motor_SetDirection
<LI><a href="#[db]">&gt;&gt;</a>&nbsp;&nbsp;&nbsp;MuxADC_Init
<LI><a href="#[7d]">&gt;&gt;</a>&nbsp;&nbsp;&nbsp;Motor_Disable
</UL>

<P><STRONG><a name="[b8]"></a>GPIO_SetBits</STRONG> (Thumb, 4 bytes, Stack size 0 bytes, stm32f10x_gpio.o(i.GPIO_SetBits))
<BR><BR>[Called By]<UL><LI><a href="#[bb]">&gt;&gt;</a>&nbsp;&nbsp;&nbsp;HardwareSPI_Init
<LI><a href="#[b7]">&gt;&gt;</a>&nbsp;&nbsp;&nbsp;HardwareSPI_CS_High
<LI><a href="#[d6]">&gt;&gt;</a>&nbsp;&nbsp;&nbsp;Motor_SetDirection
<LI><a href="#[82]">&gt;&gt;</a>&nbsp;&nbsp;&nbsp;Motor_Enable
</UL>

<P><STRONG><a name="[e6]"></a>GPIO_WriteBit</STRONG> (Thumb, 10 bytes, Stack size 0 bytes, stm32f10x_gpio.o(i.GPIO_WriteBit))
<BR><BR>[Called By]<UL><LI><a href="#[f2]">&gt;&gt;</a>&nbsp;&nbsp;&nbsp;RGB_WriteR
<LI><a href="#[f3]">&gt;&gt;</a>&nbsp;&nbsp;&nbsp;RGB_WriteG
<LI><a href="#[f4]">&gt;&gt;</a>&nbsp;&nbsp;&nbsp;RGB_WriteB
<LI><a href="#[e4]">&gt;&gt;</a>&nbsp;&nbsp;&nbsp;MuxADC_SetSelectLines
</UL>

<P><STRONG><a name="[2]"></a>HardFault_Handler</STRONG> (Thumb, 4 bytes, Stack size 0 bytes, stm32f10x_it.o(i.HardFault_Handler))
<BR>[Address Reference Count : 1]<UL><LI> startup_stm32f10x_md.o(RESET)
</UL>
<P><STRONG><a name="[113]"></a>Key_GetEvent</STRONG> (Thumb, 54 bytes, Stack size 0 bytes, key_scan.o(i.Key_GetEvent))
<BR><BR>[Called By]<UL><LI><a href="#[35]">&gt;&gt;</a>&nbsp;&nbsp;&nbsp;main
</UL>

<P><STRONG><a name="[c5]"></a>Key_Scan_Init</STRONG> (Thumb, 130 bytes, Stack size 16 bytes, key_scan.o(i.Key_Scan_Init))
<BR><BR>[Stack]<UL><LI>Max Depth = 40<LI>Call Chain = Key_Scan_Init &rArr; GPIO_Init
</UL>
<BR>[Calls]<UL><LI><a href="#[6a]">&gt;&gt;</a>&nbsp;&nbsp;&nbsp;GPIO_Init
<LI><a href="#[68]">&gt;&gt;</a>&nbsp;&nbsp;&nbsp;RCC_APB2PeriphClockCmd
<LI><a href="#[c3]">&gt;&gt;</a>&nbsp;&nbsp;&nbsp;Key_ReadRaw
</UL>
<BR>[Called By]<UL><LI><a href="#[35]">&gt;&gt;</a>&nbsp;&nbsp;&nbsp;main
</UL>

<P><STRONG><a name="[c6]"></a>Key_Scan_Update</STRONG> (Thumb, 88 bytes, Stack size 24 bytes, key_scan.o(i.Key_Scan_Update))
<BR><BR>[Stack]<UL><LI>Max Depth = 40<LI>Call Chain = Key_Scan_Update &rArr; Key_ReadRaw
</UL>
<BR>[Calls]<UL><LI><a href="#[c3]">&gt;&gt;</a>&nbsp;&nbsp;&nbsp;Key_ReadRaw
<LI><a href="#[c7]">&gt;&gt;</a>&nbsp;&nbsp;&nbsp;Key_AddEvent
</UL>
<BR>[Called By]<UL><LI><a href="#[35]">&gt;&gt;</a>&nbsp;&nbsp;&nbsp;main
</UL>

<P><STRONG><a name="[c8]"></a>LSM6DSR_ConvertToPhysics</STRONG> (Thumb, 156 bytes, Stack size 24 bytes, lsm6dsr_config.o(i.LSM6DSR_ConvertToPhysics))
<BR><BR>[Stack]<UL><LI>Max Depth = 44<LI>Call Chain = LSM6DSR_ConvertToPhysics &rArr; __aeabi_fsub &rArr; __aeabi_fadd &rArr; _float_epilogue
</UL>
<BR>[Calls]<UL><LI><a href="#[52]">&gt;&gt;</a>&nbsp;&nbsp;&nbsp;__aeabi_fsub
<LI><a href="#[56]">&gt;&gt;</a>&nbsp;&nbsp;&nbsp;__aeabi_i2f
<LI><a href="#[4f]">&gt;&gt;</a>&nbsp;&nbsp;&nbsp;__aeabi_fadd
<LI><a href="#[54]">&gt;&gt;</a>&nbsp;&nbsp;&nbsp;__aeabi_fdiv
</UL>
<BR>[Called By]<UL><LI><a href="#[9]">&gt;&gt;</a>&nbsp;&nbsp;&nbsp;SysTick_Handler
</UL>

<P><STRONG><a name="[c9]"></a>LSM6DSR_Init</STRONG> (Thumb, 92 bytes, Stack size 8 bytes, lsm6dsr_config.o(i.LSM6DSR_Init))
<BR><BR>[Stack]<UL><LI>Max Depth = 64<LI>Call Chain = LSM6DSR_Init &rArr; HardwareSPI_Init &rArr; GPIO_Init
</UL>
<BR>[Calls]<UL><LI><a href="#[cb]">&gt;&gt;</a>&nbsp;&nbsp;&nbsp;LSM6DSR_WriteReg
<LI><a href="#[ca]">&gt;&gt;</a>&nbsp;&nbsp;&nbsp;LSM6DSR_ReadID
<LI><a href="#[bb]">&gt;&gt;</a>&nbsp;&nbsp;&nbsp;HardwareSPI_Init
<LI><a href="#[ad]">&gt;&gt;</a>&nbsp;&nbsp;&nbsp;Delay_ms
</UL>
<BR>[Called By]<UL><LI><a href="#[35]">&gt;&gt;</a>&nbsp;&nbsp;&nbsp;main
</UL>

<P><STRONG><a name="[cc]"></a>LSM6DSR_ReadData</STRONG> (Thumb, 112 bytes, Stack size 24 bytes, lsm6dsr_config.o(i.LSM6DSR_ReadData))
<BR><BR>[Stack]<UL><LI>Max Depth = 72<LI>Call Chain = LSM6DSR_ReadData &rArr; LSM6DSR_ReadRegs &rArr; HardwareSPI_ReadBytes &rArr; HardwareSPI_TransmitByte
</UL>
<BR>[Calls]<UL><LI><a href="#[cd]">&gt;&gt;</a>&nbsp;&nbsp;&nbsp;LSM6DSR_ReadRegs
</UL>
<BR>[Called By]<UL><LI><a href="#[9]">&gt;&gt;</a>&nbsp;&nbsp;&nbsp;SysTick_Handler
</UL>

<P><STRONG><a name="[ca]"></a>LSM6DSR_ReadID</STRONG> (Thumb, 10 bytes, Stack size 8 bytes, lsm6dsr_config.o(i.LSM6DSR_ReadID))
<BR><BR>[Stack]<UL><LI>Max Depth = 40<LI>Call Chain = LSM6DSR_ReadID &rArr; LSM6DSR_ReadReg &rArr; HardwareSPI_ReadByte &rArr; HardwareSPI_TransmitByte
</UL>
<BR>[Calls]<UL><LI><a href="#[ce]">&gt;&gt;</a>&nbsp;&nbsp;&nbsp;LSM6DSR_ReadReg
</UL>
<BR>[Called By]<UL><LI><a href="#[c9]">&gt;&gt;</a>&nbsp;&nbsp;&nbsp;LSM6DSR_Init
</UL>

<P><STRONG><a name="[ce]"></a>LSM6DSR_ReadReg</STRONG> (Thumb, 12 bytes, Stack size 8 bytes, lsm6dsr_config.o(i.LSM6DSR_ReadReg))
<BR><BR>[Stack]<UL><LI>Max Depth = 32<LI>Call Chain = LSM6DSR_ReadReg &rArr; HardwareSPI_ReadByte &rArr; HardwareSPI_TransmitByte
</UL>
<BR>[Calls]<UL><LI><a href="#[bf]">&gt;&gt;</a>&nbsp;&nbsp;&nbsp;HardwareSPI_ReadByte
</UL>
<BR>[Called By]<UL><LI><a href="#[ca]">&gt;&gt;</a>&nbsp;&nbsp;&nbsp;LSM6DSR_ReadID
</UL>

<P><STRONG><a name="[cd]"></a>LSM6DSR_ReadRegs</STRONG> (Thumb, 20 bytes, Stack size 16 bytes, lsm6dsr_config.o(i.LSM6DSR_ReadRegs))
<BR><BR>[Stack]<UL><LI>Max Depth = 48<LI>Call Chain = LSM6DSR_ReadRegs &rArr; HardwareSPI_ReadBytes &rArr; HardwareSPI_TransmitByte
</UL>
<BR>[Calls]<UL><LI><a href="#[c1]">&gt;&gt;</a>&nbsp;&nbsp;&nbsp;HardwareSPI_ReadBytes
</UL>
<BR>[Called By]<UL><LI><a href="#[cc]">&gt;&gt;</a>&nbsp;&nbsp;&nbsp;LSM6DSR_ReadData
</UL>

<P><STRONG><a name="[cb]"></a>LSM6DSR_WriteReg</STRONG> (Thumb, 16 bytes, Stack size 16 bytes, lsm6dsr_config.o(i.LSM6DSR_WriteReg))
<BR><BR>[Stack]<UL><LI>Max Depth = 40<LI>Call Chain = LSM6DSR_WriteReg &rArr; HardwareSPI_WriteByte &rArr; HardwareSPI_TransmitByte
</UL>
<BR>[Calls]<UL><LI><a href="#[c2]">&gt;&gt;</a>&nbsp;&nbsp;&nbsp;HardwareSPI_WriteByte
</UL>
<BR>[Called By]<UL><LI><a href="#[c9]">&gt;&gt;</a>&nbsp;&nbsp;&nbsp;LSM6DSR_Init
</UL>

<P><STRONG><a name="[cf]"></a>M3PWM_Init</STRONG> (Thumb, 172 bytes, Stack size 40 bytes, m3pwm.o(i.M3PWM_Init))
<BR><BR>[Stack]<UL><LI>Max Depth = 64<LI>Call Chain = M3PWM_Init &rArr; GPIO_Init
</UL>
<BR>[Calls]<UL><LI><a href="#[d0]">&gt;&gt;</a>&nbsp;&nbsp;&nbsp;GPIO_PinRemapConfig
<LI><a href="#[6a]">&gt;&gt;</a>&nbsp;&nbsp;&nbsp;GPIO_Init
<LI><a href="#[68]">&gt;&gt;</a>&nbsp;&nbsp;&nbsp;RCC_APB2PeriphClockCmd
<LI><a href="#[69]">&gt;&gt;</a>&nbsp;&nbsp;&nbsp;RCC_APB1PeriphClockCmd
<LI><a href="#[86]">&gt;&gt;</a>&nbsp;&nbsp;&nbsp;M3PWM_SetDutyCycle
<LI><a href="#[6b]">&gt;&gt;</a>&nbsp;&nbsp;&nbsp;TIM_TimeBaseInit
<LI><a href="#[d1]">&gt;&gt;</a>&nbsp;&nbsp;&nbsp;TIM_OC4Init
<LI><a href="#[d2]">&gt;&gt;</a>&nbsp;&nbsp;&nbsp;TIM_CtrlPWMOutputs
<LI><a href="#[6f]">&gt;&gt;</a>&nbsp;&nbsp;&nbsp;TIM_Cmd
</UL>
<BR>[Called By]<UL><LI><a href="#[35]">&gt;&gt;</a>&nbsp;&nbsp;&nbsp;main
</UL>

<P><STRONG><a name="[86]"></a>M3PWM_SetDutyCycle</STRONG> (Thumb, 50 bytes, Stack size 16 bytes, m3pwm.o(i.M3PWM_SetDutyCycle))
<BR><BR>[Stack]<UL><LI>Max Depth = 16<LI>Call Chain = M3PWM_SetDutyCycle
</UL>
<BR>[Calls]<UL><LI><a href="#[d3]">&gt;&gt;</a>&nbsp;&nbsp;&nbsp;TIM_SetCompare4
</UL>
<BR>[Called By]<UL><LI><a href="#[cf]">&gt;&gt;</a>&nbsp;&nbsp;&nbsp;M3PWM_Init
<LI><a href="#[85]">&gt;&gt;</a>&nbsp;&nbsp;&nbsp;BT_EmergencyStop
<LI><a href="#[af]">&gt;&gt;</a>&nbsp;&nbsp;&nbsp;HandleKeyEvent
<LI><a href="#[99]">&gt;&gt;</a>&nbsp;&nbsp;&nbsp;BT_VacuumSetSpeed
<LI><a href="#[98]">&gt;&gt;</a>&nbsp;&nbsp;&nbsp;BT_VacuumControl
</UL>

<P><STRONG><a name="[a6]"></a>M3PWM_Start</STRONG> (Thumb, 20 bytes, Stack size 8 bytes, m3pwm.o(i.M3PWM_Start))
<BR><BR>[Stack]<UL><LI>Max Depth = 8<LI>Call Chain = M3PWM_Start
</UL>
<BR>[Calls]<UL><LI><a href="#[d2]">&gt;&gt;</a>&nbsp;&nbsp;&nbsp;TIM_CtrlPWMOutputs
<LI><a href="#[6f]">&gt;&gt;</a>&nbsp;&nbsp;&nbsp;TIM_Cmd
</UL>
<BR>[Called By]<UL><LI><a href="#[35]">&gt;&gt;</a>&nbsp;&nbsp;&nbsp;main
<LI><a href="#[af]">&gt;&gt;</a>&nbsp;&nbsp;&nbsp;HandleKeyEvent
<LI><a href="#[98]">&gt;&gt;</a>&nbsp;&nbsp;&nbsp;BT_VacuumControl
</UL>

<P><STRONG><a name="[87]"></a>M3PWM_Stop</STRONG> (Thumb, 24 bytes, Stack size 8 bytes, m3pwm.o(i.M3PWM_Stop))
<BR><BR>[Stack]<UL><LI>Max Depth = 8<LI>Call Chain = M3PWM_Stop
</UL>
<BR>[Calls]<UL><LI><a href="#[d2]">&gt;&gt;</a>&nbsp;&nbsp;&nbsp;TIM_CtrlPWMOutputs
<LI><a href="#[6f]">&gt;&gt;</a>&nbsp;&nbsp;&nbsp;TIM_Cmd
</UL>
<BR>[Called By]<UL><LI><a href="#[85]">&gt;&gt;</a>&nbsp;&nbsp;&nbsp;BT_EmergencyStop
<LI><a href="#[98]">&gt;&gt;</a>&nbsp;&nbsp;&nbsp;BT_VacuumControl
</UL>

<P><STRONG><a name="[3]"></a>MemManage_Handler</STRONG> (Thumb, 4 bytes, Stack size 0 bytes, stm32f10x_it.o(i.MemManage_Handler))
<BR>[Address Reference Count : 1]<UL><LI> startup_stm32f10x_md.o(RESET)
</UL>
<P><STRONG><a name="[7d]"></a>Motor_Disable</STRONG> (Thumb, 14 bytes, Stack size 8 bytes, motor_ctr.o(i.Motor_Disable))
<BR><BR>[Stack]<UL><LI>Max Depth = 8<LI>Call Chain = Motor_Disable
</UL>
<BR>[Calls]<UL><LI><a href="#[ba]">&gt;&gt;</a>&nbsp;&nbsp;&nbsp;GPIO_ResetBits
</UL>
<BR>[Called By]<UL><LI><a href="#[9]">&gt;&gt;</a>&nbsp;&nbsp;&nbsp;SysTick_Handler
<LI><a href="#[d4]">&gt;&gt;</a>&nbsp;&nbsp;&nbsp;Motor_Init
<LI><a href="#[85]">&gt;&gt;</a>&nbsp;&nbsp;&nbsp;BT_EmergencyStop
<LI><a href="#[af]">&gt;&gt;</a>&nbsp;&nbsp;&nbsp;HandleKeyEvent
<LI><a href="#[7b]">&gt;&gt;</a>&nbsp;&nbsp;&nbsp;BT_ApplyMotion
</UL>

<P><STRONG><a name="[82]"></a>Motor_Enable</STRONG> (Thumb, 14 bytes, Stack size 8 bytes, motor_ctr.o(i.Motor_Enable))
<BR><BR>[Stack]<UL><LI>Max Depth = 8<LI>Call Chain = Motor_Enable
</UL>
<BR>[Calls]<UL><LI><a href="#[b8]">&gt;&gt;</a>&nbsp;&nbsp;&nbsp;GPIO_SetBits
</UL>
<BR>[Called By]<UL><LI><a href="#[af]">&gt;&gt;</a>&nbsp;&nbsp;&nbsp;HandleKeyEvent
<LI><a href="#[7b]">&gt;&gt;</a>&nbsp;&nbsp;&nbsp;BT_ApplyMotion
</UL>

<P><STRONG><a name="[d4]"></a>Motor_Init</STRONG> (Thumb, 242 bytes, Stack size 40 bytes, motor_ctr.o(i.Motor_Init))
<BR><BR>[Stack]<UL><LI>Max Depth = 72<LI>Call Chain = Motor_Init &rArr; Motor_StopAll &rArr; Motor_Stop &rArr; Motor_SetSpeed
</UL>
<BR>[Calls]<UL><LI><a href="#[6a]">&gt;&gt;</a>&nbsp;&nbsp;&nbsp;GPIO_Init
<LI><a href="#[68]">&gt;&gt;</a>&nbsp;&nbsp;&nbsp;RCC_APB2PeriphClockCmd
<LI><a href="#[d6]">&gt;&gt;</a>&nbsp;&nbsp;&nbsp;Motor_SetDirection
<LI><a href="#[7c]">&gt;&gt;</a>&nbsp;&nbsp;&nbsp;Motor_StopAll
<LI><a href="#[7d]">&gt;&gt;</a>&nbsp;&nbsp;&nbsp;Motor_Disable
<LI><a href="#[6b]">&gt;&gt;</a>&nbsp;&nbsp;&nbsp;TIM_TimeBaseInit
<LI><a href="#[d1]">&gt;&gt;</a>&nbsp;&nbsp;&nbsp;TIM_OC4Init
<LI><a href="#[d5]">&gt;&gt;</a>&nbsp;&nbsp;&nbsp;TIM_OC2Init
<LI><a href="#[d2]">&gt;&gt;</a>&nbsp;&nbsp;&nbsp;TIM_CtrlPWMOutputs
<LI><a href="#[6f]">&gt;&gt;</a>&nbsp;&nbsp;&nbsp;TIM_Cmd
</UL>
<BR>[Called By]<UL><LI><a href="#[35]">&gt;&gt;</a>&nbsp;&nbsp;&nbsp;main
</UL>

<P><STRONG><a name="[d6]"></a>Motor_SetDirection</STRONG> (Thumb, 82 bytes, Stack size 16 bytes, motor_ctr.o(i.Motor_SetDirection))
<BR><BR>[Stack]<UL><LI>Max Depth = 16<LI>Call Chain = Motor_SetDirection
</UL>
<BR>[Calls]<UL><LI><a href="#[b8]">&gt;&gt;</a>&nbsp;&nbsp;&nbsp;GPIO_SetBits
<LI><a href="#[ba]">&gt;&gt;</a>&nbsp;&nbsp;&nbsp;GPIO_ResetBits
</UL>
<BR>[Called By]<UL><LI><a href="#[d4]">&gt;&gt;</a>&nbsp;&nbsp;&nbsp;Motor_Init
<LI><a href="#[d9]">&gt;&gt;</a>&nbsp;&nbsp;&nbsp;Motor_SetSpeedWithDirection
</UL>

<P><STRONG><a name="[d7]"></a>Motor_SetSpeed</STRONG> (Thumb, 82 bytes, Stack size 16 bytes, motor_ctr.o(i.Motor_SetSpeed))
<BR><BR>[Stack]<UL><LI>Max Depth = 16<LI>Call Chain = Motor_SetSpeed
</UL>
<BR>[Calls]<UL><LI><a href="#[d3]">&gt;&gt;</a>&nbsp;&nbsp;&nbsp;TIM_SetCompare4
<LI><a href="#[d8]">&gt;&gt;</a>&nbsp;&nbsp;&nbsp;TIM_SetCompare2
</UL>
<BR>[Called By]<UL><LI><a href="#[da]">&gt;&gt;</a>&nbsp;&nbsp;&nbsp;Motor_Stop
<LI><a href="#[d9]">&gt;&gt;</a>&nbsp;&nbsp;&nbsp;Motor_SetSpeedWithDirection
</UL>

<P><STRONG><a name="[d9]"></a>Motor_SetSpeedWithDirection</STRONG> (Thumb, 78 bytes, Stack size 24 bytes, pid_controller.o(i.Motor_SetSpeedWithDirection))
<BR><BR>[Stack]<UL><LI>Max Depth = 40<LI>Call Chain = Motor_SetSpeedWithDirection &rArr; Motor_SetSpeed
</UL>
<BR>[Calls]<UL><LI><a href="#[ab]">&gt;&gt;</a>&nbsp;&nbsp;&nbsp;__aeabi_f2uiz
<LI><a href="#[aa]">&gt;&gt;</a>&nbsp;&nbsp;&nbsp;__aeabi_cfcmple
<LI><a href="#[d7]">&gt;&gt;</a>&nbsp;&nbsp;&nbsp;Motor_SetSpeed
<LI><a href="#[d6]">&gt;&gt;</a>&nbsp;&nbsp;&nbsp;Motor_SetDirection
</UL>
<BR>[Called By]<UL><LI><a href="#[e7]">&gt;&gt;</a>&nbsp;&nbsp;&nbsp;PID_Control_Update
</UL>

<P><STRONG><a name="[da]"></a>Motor_Stop</STRONG> (Thumb, 14 bytes, Stack size 8 bytes, motor_ctr.o(i.Motor_Stop))
<BR><BR>[Stack]<UL><LI>Max Depth = 24<LI>Call Chain = Motor_Stop &rArr; Motor_SetSpeed
</UL>
<BR>[Calls]<UL><LI><a href="#[d7]">&gt;&gt;</a>&nbsp;&nbsp;&nbsp;Motor_SetSpeed
</UL>
<BR>[Called By]<UL><LI><a href="#[7c]">&gt;&gt;</a>&nbsp;&nbsp;&nbsp;Motor_StopAll
</UL>

<P><STRONG><a name="[7c]"></a>Motor_StopAll</STRONG> (Thumb, 16 bytes, Stack size 8 bytes, motor_ctr.o(i.Motor_StopAll))
<BR><BR>[Stack]<UL><LI>Max Depth = 32<LI>Call Chain = Motor_StopAll &rArr; Motor_Stop &rArr; Motor_SetSpeed
</UL>
<BR>[Calls]<UL><LI><a href="#[da]">&gt;&gt;</a>&nbsp;&nbsp;&nbsp;Motor_Stop
</UL>
<BR>[Called By]<UL><LI><a href="#[9]">&gt;&gt;</a>&nbsp;&nbsp;&nbsp;SysTick_Handler
<LI><a href="#[d4]">&gt;&gt;</a>&nbsp;&nbsp;&nbsp;Motor_Init
<LI><a href="#[85]">&gt;&gt;</a>&nbsp;&nbsp;&nbsp;BT_EmergencyStop
<LI><a href="#[af]">&gt;&gt;</a>&nbsp;&nbsp;&nbsp;HandleKeyEvent
<LI><a href="#[7b]">&gt;&gt;</a>&nbsp;&nbsp;&nbsp;BT_ApplyMotion
</UL>

<P><STRONG><a name="[db]"></a>MuxADC_Init</STRONG> (Thumb, 170 bytes, Stack size 32 bytes, adc_get.o(i.MuxADC_Init))
<BR><BR>[Stack]<UL><LI>Max Depth = 56<LI>Call Chain = MuxADC_Init &rArr; GPIO_Init
</UL>
<BR>[Calls]<UL><LI><a href="#[e1]">&gt;&gt;</a>&nbsp;&nbsp;&nbsp;ADC_StartCalibration
<LI><a href="#[df]">&gt;&gt;</a>&nbsp;&nbsp;&nbsp;ADC_ResetCalibration
<LI><a href="#[dd]">&gt;&gt;</a>&nbsp;&nbsp;&nbsp;ADC_Init
<LI><a href="#[e0]">&gt;&gt;</a>&nbsp;&nbsp;&nbsp;ADC_GetResetCalibrationStatus
<LI><a href="#[e2]">&gt;&gt;</a>&nbsp;&nbsp;&nbsp;ADC_GetCalibrationStatus
<LI><a href="#[74]">&gt;&gt;</a>&nbsp;&nbsp;&nbsp;ADC_DeInit
<LI><a href="#[de]">&gt;&gt;</a>&nbsp;&nbsp;&nbsp;ADC_Cmd
<LI><a href="#[ba]">&gt;&gt;</a>&nbsp;&nbsp;&nbsp;GPIO_ResetBits
<LI><a href="#[6a]">&gt;&gt;</a>&nbsp;&nbsp;&nbsp;GPIO_Init
<LI><a href="#[68]">&gt;&gt;</a>&nbsp;&nbsp;&nbsp;RCC_APB2PeriphClockCmd
<LI><a href="#[dc]">&gt;&gt;</a>&nbsp;&nbsp;&nbsp;RCC_ADCCLKConfig
</UL>
<BR>[Called By]<UL><LI><a href="#[35]">&gt;&gt;</a>&nbsp;&nbsp;&nbsp;main
</UL>

<P><STRONG><a name="[e3]"></a>MuxADC_ReadChannel</STRONG> (Thumb, 38 bytes, Stack size 8 bytes, adc_get.o(i.MuxADC_ReadChannel))
<BR><BR>[Stack]<UL><LI>Max Depth = 36<LI>Call Chain = MuxADC_ReadChannel &rArr; MuxADC_ReadOnce &rArr; ADC_RegularChannelConfig
</UL>
<BR>[Calls]<UL><LI><a href="#[e4]">&gt;&gt;</a>&nbsp;&nbsp;&nbsp;MuxADC_SetSelectLines
<LI><a href="#[e5]">&gt;&gt;</a>&nbsp;&nbsp;&nbsp;MuxADC_ReadOnce
<LI><a href="#[ae]">&gt;&gt;</a>&nbsp;&nbsp;&nbsp;Delay_us
</UL>
<BR>[Called By]<UL><LI><a href="#[b4]">&gt;&gt;</a>&nbsp;&nbsp;&nbsp;MuxADC_SampleAll
</UL>

<P><STRONG><a name="[b4]"></a>MuxADC_SampleAll</STRONG> (Thumb, 36 bytes, Stack size 8 bytes, adc_get.o(i.MuxADC_SampleAll))
<BR><BR>[Stack]<UL><LI>Max Depth = 44<LI>Call Chain = MuxADC_SampleAll &rArr; MuxADC_ReadChannel &rArr; MuxADC_ReadOnce &rArr; ADC_RegularChannelConfig
</UL>
<BR>[Calls]<UL><LI><a href="#[e3]">&gt;&gt;</a>&nbsp;&nbsp;&nbsp;MuxADC_ReadChannel
<LI><a href="#[76]">&gt;&gt;</a>&nbsp;&nbsp;&nbsp;ADC_Read_PA0
</UL>
<BR>[Called By]<UL><LI><a href="#[9]">&gt;&gt;</a>&nbsp;&nbsp;&nbsp;SysTick_Handler
<LI><a href="#[af]">&gt;&gt;</a>&nbsp;&nbsp;&nbsp;HandleKeyEvent
</UL>

<P><STRONG><a name="[1]"></a>NMI_Handler</STRONG> (Thumb, 2 bytes, Stack size 0 bytes, stm32f10x_it.o(i.NMI_Handler))
<BR>[Address Reference Count : 1]<UL><LI> startup_stm32f10x_md.o(RESET)
</UL>
<P><STRONG><a name="[104]"></a>NVIC_Init</STRONG> (Thumb, 100 bytes, Stack size 16 bytes, misc.o(i.NVIC_Init))
<BR><BR>[Stack]<UL><LI>Max Depth = 16<LI>Call Chain = NVIC_Init
</UL>
<BR>[Called By]<UL><LI><a href="#[101]">&gt;&gt;</a>&nbsp;&nbsp;&nbsp;Uart2_Init
</UL>

<P><STRONG><a name="[e7]"></a>PID_Control_Update</STRONG> (Thumb, 590 bytes, Stack size 56 bytes, pid_controller.o(i.PID_Control_Update))
<BR><BR>[Stack]<UL><LI>Max Depth = 164<LI>Call Chain = PID_Control_Update &rArr; SpeedPID_ManualUpdateDual &rArr; SpeedPID_Step &rArr; __aeabi_fsub &rArr; __aeabi_fadd &rArr; _float_epilogue
</UL>
<BR>[Calls]<UL><LI><a href="#[53]">&gt;&gt;</a>&nbsp;&nbsp;&nbsp;__aeabi_frsub
<LI><a href="#[a9]">&gt;&gt;</a>&nbsp;&nbsp;&nbsp;__aeabi_cfrcmple
<LI><a href="#[aa]">&gt;&gt;</a>&nbsp;&nbsp;&nbsp;__aeabi_cfcmple
<LI><a href="#[52]">&gt;&gt;</a>&nbsp;&nbsp;&nbsp;__aeabi_fsub
<LI><a href="#[56]">&gt;&gt;</a>&nbsp;&nbsp;&nbsp;__aeabi_i2f
<LI><a href="#[4f]">&gt;&gt;</a>&nbsp;&nbsp;&nbsp;__aeabi_fadd
<LI><a href="#[57]">&gt;&gt;</a>&nbsp;&nbsp;&nbsp;__aeabi_ui2f
<LI><a href="#[72]">&gt;&gt;</a>&nbsp;&nbsp;&nbsp;__aeabi_fmul
<LI><a href="#[54]">&gt;&gt;</a>&nbsp;&nbsp;&nbsp;__aeabi_fdiv
<LI><a href="#[ea]">&gt;&gt;</a>&nbsp;&nbsp;&nbsp;fminf
<LI><a href="#[eb]">&gt;&gt;</a>&nbsp;&nbsp;&nbsp;SpeedPID_Step
<LI><a href="#[ec]">&gt;&gt;</a>&nbsp;&nbsp;&nbsp;SpeedPID_Reset
<LI><a href="#[e8]">&gt;&gt;</a>&nbsp;&nbsp;&nbsp;SpeedPID_ManualUpdateDual
<LI><a href="#[e9]">&gt;&gt;</a>&nbsp;&nbsp;&nbsp;PositionPID_Calculate
<LI><a href="#[d9]">&gt;&gt;</a>&nbsp;&nbsp;&nbsp;Motor_SetSpeedWithDirection
</UL>
<BR>[Called By]<UL><LI><a href="#[9]">&gt;&gt;</a>&nbsp;&nbsp;&nbsp;SysTick_Handler
</UL>

<P><STRONG><a name="[9e]"></a>PID_GyroDamping_Enable</STRONG> (Thumb, 14 bytes, Stack size 0 bytes, pid_controller.o(i.PID_GyroDamping_Enable))
<BR><BR>[Called By]<UL><LI><a href="#[93]">&gt;&gt;</a>&nbsp;&nbsp;&nbsp;BT_ParseCommand
</UL>

<P><STRONG><a name="[9f]"></a>PID_GyroDamping_IsEnabled</STRONG> (Thumb, 6 bytes, Stack size 0 bytes, pid_controller.o(i.PID_GyroDamping_IsEnabled))
<BR><BR>[Called By]<UL><LI><a href="#[93]">&gt;&gt;</a>&nbsp;&nbsp;&nbsp;BT_ParseCommand
</UL>

<P><STRONG><a name="[ed]"></a>PID_Init</STRONG> (Thumb, 88 bytes, Stack size 24 bytes, pid_controller.o(i.PID_Init))
<BR><BR>[Stack]<UL><LI>Max Depth = 72<LI>Call Chain = PID_Init &rArr; PositionPID_Init &rArr; __aeabi_fmul
</UL>
<BR>[Calls]<UL><LI><a href="#[b1]">&gt;&gt;</a>&nbsp;&nbsp;&nbsp;PID_PositionLoop_Enable
<LI><a href="#[ee]">&gt;&gt;</a>&nbsp;&nbsp;&nbsp;SpeedPID_Init
<LI><a href="#[ef]">&gt;&gt;</a>&nbsp;&nbsp;&nbsp;PositionPID_Init
</UL>
<BR>[Called By]<UL><LI><a href="#[35]">&gt;&gt;</a>&nbsp;&nbsp;&nbsp;main
</UL>

<P><STRONG><a name="[b1]"></a>PID_PositionLoop_Enable</STRONG> (Thumb, 14 bytes, Stack size 0 bytes, pid_controller.o(i.PID_PositionLoop_Enable))
<BR><BR>[Called By]<UL><LI><a href="#[ed]">&gt;&gt;</a>&nbsp;&nbsp;&nbsp;PID_Init
<LI><a href="#[35]">&gt;&gt;</a>&nbsp;&nbsp;&nbsp;main
<LI><a href="#[af]">&gt;&gt;</a>&nbsp;&nbsp;&nbsp;HandleKeyEvent
</UL>

<P><STRONG><a name="[fa]"></a>PID_PositionLoop_IsEnabled</STRONG> (Thumb, 6 bytes, Stack size 0 bytes, pid_controller.o(i.PID_PositionLoop_IsEnabled))
<BR><BR>[Called By]<UL><LI><a href="#[9]">&gt;&gt;</a>&nbsp;&nbsp;&nbsp;SysTick_Handler
</UL>

<P><STRONG><a name="[7e]"></a>PID_SetBluetoothTarget</STRONG> (Thumb, 14 bytes, Stack size 0 bytes, pid_controller.o(i.PID_SetBluetoothTarget))
<BR><BR>[Called By]<UL><LI><a href="#[7b]">&gt;&gt;</a>&nbsp;&nbsp;&nbsp;BT_ApplyMotion
</UL>

<P><STRONG><a name="[8]"></a>PendSV_Handler</STRONG> (Thumb, 2 bytes, Stack size 0 bytes, stm32f10x_it.o(i.PendSV_Handler))
<BR>[Address Reference Count : 1]<UL><LI> startup_stm32f10x_md.o(RESET)
</UL>
<P><STRONG><a name="[e9]"></a>PositionPID_Calculate</STRONG> (Thumb, 204 bytes, Stack size 48 bytes, pid_controller.o(i.PositionPID_Calculate))
<BR><BR>[Stack]<UL><LI>Max Depth = 68<LI>Call Chain = PositionPID_Calculate &rArr; __aeabi_fsub &rArr; __aeabi_fadd &rArr; _float_epilogue
</UL>
<BR>[Calls]<UL><LI><a href="#[a9]">&gt;&gt;</a>&nbsp;&nbsp;&nbsp;__aeabi_cfrcmple
<LI><a href="#[aa]">&gt;&gt;</a>&nbsp;&nbsp;&nbsp;__aeabi_cfcmple
<LI><a href="#[52]">&gt;&gt;</a>&nbsp;&nbsp;&nbsp;__aeabi_fsub
<LI><a href="#[4f]">&gt;&gt;</a>&nbsp;&nbsp;&nbsp;__aeabi_fadd
<LI><a href="#[72]">&gt;&gt;</a>&nbsp;&nbsp;&nbsp;__aeabi_fmul
</UL>
<BR>[Called By]<UL><LI><a href="#[e7]">&gt;&gt;</a>&nbsp;&nbsp;&nbsp;PID_Control_Update
</UL>

<P><STRONG><a name="[ef]"></a>PositionPID_Init</STRONG> (Thumb, 82 bytes, Stack size 40 bytes, pid_controller.o(i.PositionPID_Init))
<BR><BR>[Stack]<UL><LI>Max Depth = 48<LI>Call Chain = PositionPID_Init &rArr; __aeabi_fmul
</UL>
<BR>[Calls]<UL><LI><a href="#[72]">&gt;&gt;</a>&nbsp;&nbsp;&nbsp;__aeabi_fmul
</UL>
<BR>[Called By]<UL><LI><a href="#[ed]">&gt;&gt;</a>&nbsp;&nbsp;&nbsp;PID_Init
</UL>

<P><STRONG><a name="[f0]"></a>PositionPID_Reset</STRONG> (Thumb, 14 bytes, Stack size 0 bytes, pid_controller.o(i.PositionPID_Reset))
<BR><BR>[Called By]<UL><LI><a href="#[b3]">&gt;&gt;</a>&nbsp;&nbsp;&nbsp;PositionPID_ResetState
</UL>

<P><STRONG><a name="[b3]"></a>PositionPID_ResetState</STRONG> (Thumb, 10 bytes, Stack size 4 bytes, pid_controller.o(i.PositionPID_ResetState))
<BR><BR>[Stack]<UL><LI>Max Depth = 4<LI>Call Chain = PositionPID_ResetState
</UL>
<BR>[Calls]<UL><LI><a href="#[f0]">&gt;&gt;</a>&nbsp;&nbsp;&nbsp;PositionPID_Reset
</UL>
<BR>[Called By]<UL><LI><a href="#[af]">&gt;&gt;</a>&nbsp;&nbsp;&nbsp;HandleKeyEvent
</UL>

<P><STRONG><a name="[9d]"></a>PositionPID_SetGlobalParams</STRONG> (Thumb, 14 bytes, Stack size 8 bytes, pid_controller.o(i.PositionPID_SetGlobalParams))
<BR><BR>[Stack]<UL><LI>Max Depth = 8<LI>Call Chain = PositionPID_SetGlobalParams
</UL>
<BR>[Called By]<UL><LI><a href="#[93]">&gt;&gt;</a>&nbsp;&nbsp;&nbsp;BT_ParseCommand
</UL>

<P><STRONG><a name="[dc]"></a>RCC_ADCCLKConfig</STRONG> (Thumb, 18 bytes, Stack size 0 bytes, stm32f10x_rcc.o(i.RCC_ADCCLKConfig))
<BR><BR>[Called By]<UL><LI><a href="#[db]">&gt;&gt;</a>&nbsp;&nbsp;&nbsp;MuxADC_Init
</UL>

<P><STRONG><a name="[69]"></a>RCC_APB1PeriphClockCmd</STRONG> (Thumb, 26 bytes, Stack size 0 bytes, stm32f10x_rcc.o(i.RCC_APB1PeriphClockCmd))
<BR><BR>[Called By]<UL><LI><a href="#[bb]">&gt;&gt;</a>&nbsp;&nbsp;&nbsp;HardwareSPI_Init
<LI><a href="#[101]">&gt;&gt;</a>&nbsp;&nbsp;&nbsp;Uart2_Init
<LI><a href="#[cf]">&gt;&gt;</a>&nbsp;&nbsp;&nbsp;M3PWM_Init
<LI><a href="#[67]">&gt;&gt;</a>&nbsp;&nbsp;&nbsp;ABEncoder_Init
</UL>

<P><STRONG><a name="[68]"></a>RCC_APB2PeriphClockCmd</STRONG> (Thumb, 26 bytes, Stack size 0 bytes, stm32f10x_rcc.o(i.RCC_APB2PeriphClockCmd))
<BR><BR>[Called By]<UL><LI><a href="#[bb]">&gt;&gt;</a>&nbsp;&nbsp;&nbsp;HardwareSPI_Init
<LI><a href="#[101]">&gt;&gt;</a>&nbsp;&nbsp;&nbsp;Uart2_Init
<LI><a href="#[f5]">&gt;&gt;</a>&nbsp;&nbsp;&nbsp;RGB_Init
<LI><a href="#[db]">&gt;&gt;</a>&nbsp;&nbsp;&nbsp;MuxADC_Init
<LI><a href="#[d4]">&gt;&gt;</a>&nbsp;&nbsp;&nbsp;Motor_Init
<LI><a href="#[cf]">&gt;&gt;</a>&nbsp;&nbsp;&nbsp;M3PWM_Init
<LI><a href="#[c5]">&gt;&gt;</a>&nbsp;&nbsp;&nbsp;Key_Scan_Init
<LI><a href="#[67]">&gt;&gt;</a>&nbsp;&nbsp;&nbsp;ABEncoder_Init
</UL>

<P><STRONG><a name="[75]"></a>RCC_APB2PeriphResetCmd</STRONG> (Thumb, 26 bytes, Stack size 0 bytes, stm32f10x_rcc.o(i.RCC_APB2PeriphResetCmd))
<BR><BR>[Called By]<UL><LI><a href="#[74]">&gt;&gt;</a>&nbsp;&nbsp;&nbsp;ADC_DeInit
</UL>

<P><STRONG><a name="[100]"></a>RCC_GetClocksFreq</STRONG> (Thumb, 192 bytes, Stack size 12 bytes, stm32f10x_rcc.o(i.RCC_GetClocksFreq))
<BR><BR>[Stack]<UL><LI>Max Depth = 12<LI>Call Chain = RCC_GetClocksFreq
</UL>
<BR>[Called By]<UL><LI><a href="#[ff]">&gt;&gt;</a>&nbsp;&nbsp;&nbsp;USART_Init
</UL>

<P><STRONG><a name="[f5]"></a>RGB_Init</STRONG> (Thumb, 68 bytes, Stack size 8 bytes, rgb_led.o(i.RGB_Init))
<BR><BR>[Stack]<UL><LI>Max Depth = 32<LI>Call Chain = RGB_Init &rArr; GPIO_Init
</UL>
<BR>[Calls]<UL><LI><a href="#[d0]">&gt;&gt;</a>&nbsp;&nbsp;&nbsp;GPIO_PinRemapConfig
<LI><a href="#[6a]">&gt;&gt;</a>&nbsp;&nbsp;&nbsp;GPIO_Init
<LI><a href="#[68]">&gt;&gt;</a>&nbsp;&nbsp;&nbsp;RCC_APB2PeriphClockCmd
<LI><a href="#[f1]">&gt;&gt;</a>&nbsp;&nbsp;&nbsp;RGB_AllOff
</UL>
<BR>[Called By]<UL><LI><a href="#[35]">&gt;&gt;</a>&nbsp;&nbsp;&nbsp;main
</UL>

<P><STRONG><a name="[b2]"></a>RGB_SetColor</STRONG> (Thumb, 176 bytes, Stack size 8 bytes, rgb_led.o(i.RGB_SetColor))
<BR><BR>[Stack]<UL><LI>Max Depth = 24<LI>Call Chain = RGB_SetColor &rArr; RGB_AllOff &rArr; RGB_WriteR
</UL>
<BR>[Calls]<UL><LI><a href="#[f2]">&gt;&gt;</a>&nbsp;&nbsp;&nbsp;RGB_WriteR
<LI><a href="#[f3]">&gt;&gt;</a>&nbsp;&nbsp;&nbsp;RGB_WriteG
<LI><a href="#[f4]">&gt;&gt;</a>&nbsp;&nbsp;&nbsp;RGB_WriteB
<LI><a href="#[f1]">&gt;&gt;</a>&nbsp;&nbsp;&nbsp;RGB_AllOff
</UL>
<BR>[Called By]<UL><LI><a href="#[af]">&gt;&gt;</a>&nbsp;&nbsp;&nbsp;HandleKeyEvent
</UL>

<P><STRONG><a name="[be]"></a>SPI_Cmd</STRONG> (Thumb, 24 bytes, Stack size 0 bytes, stm32f10x_spi.o(i.SPI_Cmd))
<BR><BR>[Called By]<UL><LI><a href="#[bb]">&gt;&gt;</a>&nbsp;&nbsp;&nbsp;HardwareSPI_Init
</UL>

<P><STRONG><a name="[bd]"></a>SPI_Init</STRONG> (Thumb, 60 bytes, Stack size 8 bytes, stm32f10x_spi.o(i.SPI_Init))
<BR><BR>[Stack]<UL><LI>Max Depth = 8<LI>Call Chain = SPI_Init
</UL>
<BR>[Called By]<UL><LI><a href="#[bb]">&gt;&gt;</a>&nbsp;&nbsp;&nbsp;HardwareSPI_Init
</UL>

[...]
</UL>

<P><STRONG><a name="[112]"></a>SysTick_Init</STRONG> (Thumb, 84 bytes, Stack size 12 bytes, main.o(i.SysTick_Init))
<BR><BR>[Stack]<UL><LI>Max Depth = 12<LI>Call Chain = SysTick_Init
</UL>
<BR>[Called By]<UL><LI><a href="#[35]">&gt;&gt;</a>&nbsp;&nbsp;&nbsp;main
</UL>

<P><STRONG><a name="[76]"></a>ADC_Read_PA0</STRONG> (Thumb, 62 bytes, Stack size 8 bytes, adc_get.o(i.ADC_Read_PA0))
<BR><BR>[Stack]<UL><LI>Max Depth = 28<LI>Call Chain = ADC_Read_PA0 &rArr; ADC_RegularChannelConfig
</UL>
<BR>[Calls]<UL><LI><a href="#[78]">&gt;&gt;</a>&nbsp;&nbsp;&nbsp;ADC_SoftwareStartConvCmd
<LI><a href="#[77]">&gt;&gt;</a>&nbsp;&nbsp;&nbsp;ADC_RegularChannelConfig
<LI><a href="#[79]">&gt;&gt;</a>&nbsp;&nbsp;&nbsp;ADC_GetFlagStatus
<LI><a href="#[7a]">&gt;&gt;</a>&nbsp;&nbsp;&nbsp;ADC_GetConversionValue
</UL>
<BR>[Called By]<UL><LI><a href="#[b4]">&gt;&gt;</a>&nbsp;&nbsp;&nbsp;MuxADC_SampleAll
</UL>

<P><STRONG><a name="[e5]"></a>MuxADC_ReadOnce</STRONG> (Thumb, 62 bytes, Stack size 8 bytes, adc_get.o(i.MuxADC_ReadOnce))
<BR><BR>[Stack]<UL><LI>Max Depth = 28<LI>Call Chain = MuxADC_ReadOnce &rArr; ADC_RegularChannelConfig
</UL>
<BR>[Calls]<UL><LI><a href="#[78]">&gt;&gt;</a>&nbsp;&nbsp;&nbsp;ADC_SoftwareStartConvCmd
<LI><a href="#[77]">&gt;&gt;</a>&nbsp;&nbsp;&nbsp;ADC_RegularChannelConfig
<LI><a href="#[79]">&gt;&gt;</a>&nbsp;&nbsp;&nbsp;ADC_GetFlagStatus
<LI><a href="#[7a]">&gt;&gt;</a>&nbsp;&nbsp;&nbsp;ADC_GetConversionValue
</UL>
<BR>[Called By]<UL><LI><a href="#[e3]">&gt;&gt;</a>&nbsp;&nbsp;&nbsp;MuxADC_ReadChannel
</UL>

<P><STRONG><a name="[e4]"></a>MuxADC_SetSelectLines</STRONG> (Thumb, 68 bytes, Stack size 24 bytes, adc_get.o(i.MuxADC_SetSelectLines))
<BR><BR>[Stack]<UL><LI>Max Depth = 24<LI>Call Chain = MuxADC_SetSelectLines
</UL>
<BR>[Calls]<UL><LI><a href="#[e6]">&gt;&gt;</a>&nbsp;&nbsp;&nbsp;GPIO_WriteBit
</UL>
<BR>[Called By]<UL><LI><a href="#[e3]">&gt;&gt;</a>&nbsp;&nbsp;&nbsp;MuxADC_ReadChannel
</UL>

<P><STRONG><a name="[106]"></a>Uart2_PutChar</STRONG> (Thumb, 46 bytes, Stack size 16 bytes, uart_config.o(i.Uart2_PutChar))
<BR><BR>[Stack]<UL><LI>Max Depth = 16<LI>Call Chain = Uart2_PutChar
</UL>
<BR>[Calls]<UL><LI><a href="#[108]">&gt;&gt;</a>&nbsp;&nbsp;&nbsp;USART_SendData
<LI><a href="#[107]">&gt;&gt;</a>&nbsp;&nbsp;&nbsp;USART_GetFlagStatus
</UL>
<BR>[Called By]<UL><LI><a href="#[3c]">&gt;&gt;</a>&nbsp;&nbsp;&nbsp;fputc
<LI><a href="#[a5]">&gt;&gt;</a>&nbsp;&nbsp;&nbsp;Uart2_SendBuf
</UL>

<P><STRONG><a name="[f1]"></a>RGB_AllOff</STRONG> (Thumb, 22 bytes, Stack size 8 bytes, rgb_led.o(i.RGB_AllOff))
<BR><BR>[Stack]<UL><LI>Max Depth = 16<LI>Call Chain = RGB_AllOff &rArr; RGB_WriteR
</UL>
<BR>[Calls]<UL><LI><a href="#[f2]">&gt;&gt;</a>&nbsp;&nbsp;&nbsp;RGB_WriteR
<LI><a href="#[f3]">&gt;&gt;</a>&nbsp;&nbsp;&nbsp;RGB_WriteG
<LI><a href="#[f4]">&gt;&gt;</a>&nbsp;&nbsp;&nbsp;RGB_WriteB
</UL>
<BR>[Called By]<UL><LI><a href="#[b2]">&gt;&gt;</a>&nbsp;&nbsp;&nbsp;RGB_SetColor
<LI><a href="#[f5]">&gt;&gt;</a>&nbsp;&nbsp;&nbsp;RGB_Init
</UL>

<P><STRONG><a name="[f4]"></a>RGB_WriteB</STRONG> (Thumb, 18 bytes, Stack size 8 bytes, rgb_led.o(i.RGB_WriteB))
<BR><BR>[Stack]<UL><LI>Max Depth = 8<LI>Call Chain = RGB_WriteB
</UL>
<BR>[Calls]<UL><LI><a href="#[e6]">&gt;&gt;</a>&nbsp;&nbsp;&nbsp;GPIO_WriteBit
</UL>
<BR>[Called By]<UL><LI><a href="#[f1]">&gt;&gt;</a>&nbsp;&nbsp;&nbsp;RGB_AllOff
<LI><a href="#[b2]">&gt;&gt;</a>&nbsp;&nbsp;&nbsp;RGB_SetColor
</UL>

<P><STRONG><a name="[f3]"></a>RGB_WriteG</STRONG> (Thumb, 16 bytes, Stack size 8 bytes, rgb_led.o(i.RGB_WriteG))
<BR><BR>[Stack]<UL><LI>Max Depth = 8<LI>Call Chain = RGB_WriteG
</UL>
<BR>[Calls]<UL><LI><a href="#[e6]">&gt;&gt;</a>&nbsp;&nbsp;&nbsp;GPIO_WriteBit
</UL>
<BR>[Called By]<UL><LI><a href="#[f1]">&gt;&gt;</a>&nbsp;&nbsp;&nbsp;RGB_AllOff
<LI><a href="#[b2]">&gt;&gt;</a>&nbsp;&nbsp;&nbsp;RGB_SetColor
</UL>

<P><STRONG><a name="[f2]"></a>RGB_WriteR</STRONG> (Thumb, 18 bytes, Stack size 8 bytes, rgb_led.o(i.RGB_WriteR))
<BR><BR>[Stack]<UL><LI>Max Depth = 8<LI>Call Chain = RGB_WriteR
</UL>
<BR>[Calls]<UL><LI><a href="#[e6]">&gt;&gt;</a>&nbsp;&nbsp;&nbsp;GPIO_WriteBit
</UL>
<BR>[Called By]<UL><LI><a href="#[f1]">&gt;&gt;</a>&nbsp;&nbsp;&nbsp;RGB_AllOff
<LI><a href="#[b2]">&gt;&gt;</a>&nbsp;&nbsp;&nbsp;RGB_SetColor
</UL>

<P><STRONG><a name="[b7]"></a>HardwareSPI_CS_High</STRONG> (Thumb, 14 bytes, Stack size 8 bytes, lsm6dsr_config.o(i.HardwareSPI_CS_High))
<BR><BR>[Stack]<UL><LI>Max Depth = 8<LI>Call Chain = HardwareSPI_CS_High
</UL>
<BR>[Calls]<UL><LI><a href="#[b8]">&gt;&gt;</a>&nbsp;&nbsp;&nbsp;GPIO_SetBits
</UL>
<BR>[Called By]<UL><LI><a href="#[c2]">&gt;&gt;</a>&nbsp;&nbsp;&nbsp;HardwareSPI_WriteByte
<LI><a href="#[c1]">&gt;&gt;</a>&nbsp;&nbsp;&nbsp;HardwareSPI_ReadBytes
<LI><a href="#[bf]">&gt;&gt;</a>&nbsp;&nbsp;&nbsp;HardwareSPI_ReadByte
</UL>

<P><STRONG><a name="[b9]"></a>HardwareSPI_CS_Low</STRONG> (Thumb, 14 bytes, Stack size 8 bytes, lsm6dsr_config.o(i.HardwareSPI_CS_Low))
<BR><BR>[Stack]<UL><LI>Max Depth = 8<LI>Call Chain = HardwareSPI_CS_Low
</UL>
<BR>[Calls]<UL><LI><a href="#[ba]">&gt;&gt;</a>&nbsp;&nbsp;&nbsp;GPIO_ResetBits
</UL>
<BR>[Called By]<UL><LI><a href="#[c2]">&gt;&gt;</a>&nbsp;&nbsp;&nbsp;HardwareSPI_WriteByte
<LI><a href="#[c1]">&gt;&gt;</a>&nbsp;&nbsp;&nbsp;HardwareSPI_ReadBytes
<LI><a href="#[bf]">&gt;&gt;</a>&nbsp;&nbsp;&nbsp;HardwareSPI_ReadByte
</UL>

<P><STRONG><a name="[bb]"></a>HardwareSPI_Init</STRONG> (Thumb, 186 bytes, Stack size 32 bytes, lsm6dsr_config.o(i.HardwareSPI_Init))
<BR><BR>[Stack]<UL><LI>Max Depth = 56<LI>Call Chain = HardwareSPI_Init &rArr; GPIO_Init
</UL>
<BR>[Calls]<UL><LI><a href="#[b8]">&gt;&gt;</a>&nbsp;&nbsp;&nbsp;GPIO_SetBits
<LI><a href="#[6a]">&gt;&gt;</a>&nbsp;&nbsp;&nbsp;GPIO_Init
<LI><a href="#[bc]">&gt;&gt;</a>&nbsp;&nbsp;&nbsp;SPI_StructInit
<LI><a href="#[bd]">&gt;&gt;</a>&nbsp;&nbsp;&nbsp;SPI_Init
<LI><a href="#[be]">&gt;&gt;</a>&nbsp;&nbsp;&nbsp;SPI_Cmd
<LI><a href="#[68]">&gt;&gt;</a>&nbsp;&nbsp;&nbsp;RCC_APB2PeriphClockCmd
<LI><a href="#[69]">&gt;&gt;</a>&nbsp;&nbsp;&nbsp;RCC_APB1PeriphClockCmd
</UL>
<BR>[Called By]<UL><LI><a href="#[c9]">&gt;&gt;</a>&nbsp;&nbsp;&nbsp;LSM6DSR_Init
</UL>

<P><STRONG><a name="[bf]"></a>HardwareSPI_ReadByte</STRONG> (Thumb, 32 bytes, Stack size 16 bytes, lsm6dsr_config.o(i.HardwareSPI_ReadByte))
<BR><BR>[Stack]<UL><LI>Max Depth = 24<LI>Call Chain = HardwareSPI_ReadByte &rArr; HardwareSPI_TransmitByte
</UL>
<BR>[Calls]<UL><LI><a href="#[c0]">&gt;&gt;</a>&nbsp;&nbsp;&nbsp;HardwareSPI_TransmitByte
<LI><a href="#[b9]">&gt;&gt;</a>&nbsp;&nbsp;&nbsp;HardwareSPI_CS_Low
<LI><a href="#[b7]">&gt;&gt;</a>&nbsp;&nbsp;&nbsp;HardwareSPI_CS_High
</UL>
<BR>[Called By]<UL><LI><a href="#[ce]">&gt;&gt;</a>&nbsp;&nbsp;&nbsp;LSM6DSR_ReadReg
</UL>

<P><STRONG><a name="[c1]"></a>HardwareSPI_ReadBytes</STRONG> (Thumb, 50 bytes, Stack size 24 bytes, lsm6dsr_config.o(i.HardwareSPI_ReadBytes))
<BR><BR>[Stack]<UL><LI>Max Depth = 32<LI>Call Chain = HardwareSPI_ReadBytes &rArr; HardwareSPI_TransmitByte
</UL>
<BR>[Calls]<UL><LI><a href="#[c0]">&gt;&gt;</a>&nbsp;&nbsp;&nbsp;HardwareSPI_TransmitByte
<LI><a href="#[b9]">&gt;&gt;</a>&nbsp;&nbsp;&nbsp;HardwareSPI_CS_Low
<LI><a href="#[b7]">&gt;&gt;</a>&nbsp;&nbsp;&nbsp;HardwareSPI_CS_High
</UL>
<BR>[Called By]<UL><LI><a href="#[cd]">&gt;&gt;</a>&nbsp;&nbsp;&nbsp;LSM6DSR_ReadRegs
</UL>

<P><STRONG><a name="[c0]"></a>HardwareSPI_TransmitByte</STRONG> (Thumb, 84 bytes, Stack size 8 bytes, lsm6dsr_config.o(i.HardwareSPI_TransmitByte))
<BR><BR>[Stack]<UL><LI>Max Depth = 8<LI>Call Chain = HardwareSPI_TransmitByte
</UL>
<BR>[Called By]<UL><LI><a href="#[c2]">&gt;&gt;</a>&nbsp;&nbsp;&nbsp;HardwareSPI_WriteByte
<LI><a href="#[c1]">&gt;&gt;</a>&nbsp;&nbsp;&nbsp;HardwareSPI_ReadBytes
<LI><a href="#[bf]">&gt;&gt;</a>&nbsp;&nbsp;&nbsp;HardwareSPI_ReadByte
</UL>

<P><STRONG><a name="[c2]"></a>HardwareSPI_WriteByte</STRONG> (Thumb, 30 bytes, Stack size 16 bytes, lsm6dsr_config.o(i.HardwareSPI_WriteByte))
<BR><BR>[Stack]<UL><LI>Max Depth = 24<LI>Call Chain = HardwareSPI_WriteByte &rArr; HardwareSPI_TransmitByte
</UL>
<BR>[Calls]<UL><LI><a href="#[c0]">&gt;&gt;</a>&nbsp;&nbsp;&nbsp;HardwareSPI_TransmitByte
<LI><a href="#[b9]">&gt;&gt;</a>&nbsp;&nbsp;&nbsp;HardwareSPI_CS_Low
<LI><a href="#[b7]">&gt;&gt;</a>&nbsp;&nbsp;&nbsp;HardwareSPI_CS_High
</UL>
<BR>[Called By]<UL><LI><a href="#[cb]">&gt;&gt;</a>&nbsp;&nbsp;&nbsp;LSM6DSR_WriteReg
</UL>

<P><STRONG><a name="[c7]"></a>Key_AddEvent</STRONG> (Thumb, 56 bytes, Stack size 0 bytes, key_scan.o(i.Key_AddEvent))
<BR><BR>[Called By]<UL><LI><a href="#[c6]">&gt;&gt;</a>&nbsp;&nbsp;&nbsp;Key_Scan_Update
</UL>

<P><STRONG><a name="[c3]"></a>Key_ReadRaw</STRONG> (Thumb, 116 bytes, Stack size 16 bytes, key_scan.o(i.Key_ReadRaw))
<BR><BR>[Stack]<UL><LI>Max Depth = 16<LI>Call Chain = Key_ReadRaw
</UL>
<BR>[Calls]<UL><LI><a href="#[c4]">&gt;&gt;</a>&nbsp;&nbsp;&nbsp;GPIO_ReadInputDataBit
</UL>
<BR>[Called By]<UL><LI><a href="#[c6]">&gt;&gt;</a>&nbsp;&nbsp;&nbsp;Key_Scan_Update
<LI><a href="#[c5]">&gt;&gt;</a>&nbsp;&nbsp;&nbsp;Key_Scan_Init
</UL>

<P><STRONG><a name="[ac]"></a>BlackPoint_Finder_UpdateSimulateADC</STRONG> (Thumb, 82 bytes, Stack size 8 bytes, blackpoint_finder.o(i.BlackPoint_Finder_UpdateSimulateADC))
<BR><BR>[Stack]<UL><LI>Max Depth = 8<LI>Call Chain = BlackPoint_Finder_UpdateSimulateADC
</UL>
<BR>[Called By]<UL><LI><a href="#[a0]">&gt;&gt;</a>&nbsp;&nbsp;&nbsp;BlackPoint_Finder_SetSimulateMode
<LI><a href="#[a2]">&gt;&gt;</a>&nbsp;&nbsp;&nbsp;BlackPoint_Finder_SetSimulateChannels
</UL>

<P><STRONG><a name="[88]"></a>BT_HandleKeyControlMode</STRONG> (Thumb, 64 bytes, Stack size 8 bytes, btcomm.o(i.BT_HandleKeyControlMode))
<BR><BR>[Stack]<UL><LI>Max Depth = 56<LI>Call Chain = BT_HandleKeyControlMode &rArr; BT_SendResponse &rArr; Uart2_SendBuf &rArr; Uart2_PutChar
</UL>
<BR>[Calls]<UL><LI><a href="#[84]">&gt;&gt;</a>&nbsp;&nbsp;&nbsp;BT_SendResponse
</UL>
<BR>[Called By]<UL><LI><a href="#[89]">&gt;&gt;</a>&nbsp;&nbsp;&nbsp;BT_HandleKeyControlModeChange
<LI><a href="#[93]">&gt;&gt;</a>&nbsp;&nbsp;&nbsp;BT_ParseCommand
</UL>

<P><STRONG><a name="[8a]"></a>BT_HandleMoveBackward</STRONG> (Thumb, 80 bytes, Stack size 40 bytes, btcomm.o(i.BT_HandleMoveBackward))
<BR><BR>[Stack]<UL><LI>Max Depth = 88<LI>Call Chain = BT_HandleMoveBackward &rArr; BT_SendResponse &rArr; Uart2_SendBuf &rArr; Uart2_PutChar
</UL>
<BR>[Calls]<UL><LI><a href="#[84]">&gt;&gt;</a>&nbsp;&nbsp;&nbsp;BT_SendResponse
<LI><a href="#[8b]">&gt;&gt;</a>&nbsp;&nbsp;&nbsp;__2sprintf
</UL>
<BR>[Called By]<UL><LI><a href="#[93]">&gt;&gt;</a>&nbsp;&nbsp;&nbsp;BT_ParseCommand
</UL>

<P><STRONG><a name="[8c]"></a>BT_HandleMoveForward</STRONG> (Thumb, 80 bytes, Stack size 40 bytes, btcomm.o(i.BT_HandleMoveForward))
<BR><BR>[Stack]<UL><LI>Max Depth = 88<LI>Call Chain = BT_HandleMoveForward &rArr; BT_SendResponse &rArr; Uart2_SendBuf &rArr; Uart2_PutChar
</UL>
<BR>[Calls]<UL><LI><a href="#[84]">&gt;&gt;</a>&nbsp;&nbsp;&nbsp;BT_SendResponse
<LI><a href="#[8b]">&gt;&gt;</a>&nbsp;&nbsp;&nbsp;__2sprintf
</UL>
<BR>[Called By]<UL><LI><a href="#[93]">&gt;&gt;</a>&nbsp;&nbsp;&nbsp;BT_ParseCommand
</UL>

<P><STRONG><a name="[8d]"></a>BT_HandleQueryStatus</STRONG> (Thumb, 130 bytes, Stack size 152 bytes, btcomm.o(i.BT_HandleQueryStatus))
<BR><BR>[Stack]<UL><LI>Max Depth = 200<LI>Call Chain = BT_HandleQueryStatus &rArr; BT_SendResponse &rArr; Uart2_SendBuf &rArr; Uart2_PutChar
</UL>
<BR>[Calls]<UL><LI><a href="#[84]">&gt;&gt;</a>&nbsp;&nbsp;&nbsp;BT_SendResponse
<LI><a href="#[8b]">&gt;&gt;</a>&nbsp;&nbsp;&nbsp;__2sprintf
</UL>
<BR>[Called By]<UL><LI><a href="#[93]">&gt;&gt;</a>&nbsp;&nbsp;&nbsp;BT_ParseCommand
</UL>

<P><STRONG><a name="[8e]"></a>BT_HandleSetBaseSpeed</STRONG> (Thumb, 36 bytes, Stack size 40 bytes, btcomm.o(i.BT_HandleSetBaseSpeed))
<BR><BR>[Stack]<UL><LI>Max Depth = 88<LI>Call Chain = BT_HandleSetBaseSpeed &rArr; BT_SendResponse &rArr; Uart2_SendBuf &rArr; Uart2_PutChar
</UL>
<BR>[Calls]<UL><LI><a href="#[84]">&gt;&gt;</a>&nbsp;&nbsp;&nbsp;BT_SendResponse
<LI><a href="#[8b]">&gt;&gt;</a>&nbsp;&nbsp;&nbsp;__2sprintf
</UL>
<BR>[Called By]<UL><LI><a href="#[93]">&gt;&gt;</a>&nbsp;&nbsp;&nbsp;BT_ParseCommand
</UL>

<P><STRONG><a name="[8f]"></a>BT_HandleStop</STRONG> (Thumb, 20 bytes, Stack size 8 bytes, btcomm.o(i.BT_HandleStop))
<BR><BR>[Stack]<UL><LI>Max Depth = 56<LI>Call Chain = BT_HandleStop &rArr; BT_SendResponse &rArr; Uart2_SendBuf &rArr; Uart2_PutChar
</UL>
<BR>[Calls]<UL><LI><a href="#[84]">&gt;&gt;</a>&nbsp;&nbsp;&nbsp;BT_SendResponse
</UL>
<BR>[Called By]<UL><LI><a href="#[93]">&gt;&gt;</a>&nbsp;&nbsp;&nbsp;BT_ParseCommand
</UL>

<P><STRONG><a name="[90]"></a>BT_HandleTurnLeft</STRONG> (Thumb, 80 bytes, Stack size 40 bytes, btcomm.o(i.BT_HandleTurnLeft))
<BR><BR>[Stack]<UL><LI>Max Depth = 88<LI>Call Chain = BT_HandleTurnLeft &rArr; BT_SendResponse &rArr; Uart2_SendBuf &rArr; Uart2_PutChar
</UL>
<BR>[Calls]<UL><LI><a href="#[84]">&gt;&gt;</a>&nbsp;&nbsp;&nbsp;BT_SendResponse
<LI><a href="#[8b]">&gt;&gt;</a>&nbsp;&nbsp;&nbsp;__2sprintf
</UL>
<BR>[Called By]<UL><LI><a href="#[93]">&gt;&gt;</a>&nbsp;&nbsp;&nbsp;BT_ParseCommand
</UL>

<P><STRONG><a name="[91]"></a>BT_HandleTurnRight</STRONG> (Thumb, 80 bytes, Stack size 40 bytes, btcomm.o(i.BT_HandleTurnRight))
<BR><BR>[Stack]<UL><LI>Max Depth = 88<LI>Call Chain = BT_HandleTurnRight &rArr; BT_SendResponse &rArr; Uart2_SendBuf &rArr; Uart2_PutChar
</UL>
<BR>[Calls]<UL><LI><a href="#[84]">&gt;&gt;</a>&nbsp;&nbsp;&nbsp;BT_SendResponse
<LI><a href="#[8b]">&gt;&gt;</a>&nbsp;&nbsp;&nbsp;__2sprintf
</UL>
<BR>[Called By]<UL><LI><a href="#[93]">&gt;&gt;</a>&nbsp;&nbsp;&nbsp;BT_ParseCommand
</UL>

<P><STRONG><a name="[93]"></a>BT_ParseCommand</STRONG> (Thumb, 1634 bytes, Stack size 200 bytes, btcomm.o(i.BT_ParseCommand))
<BR><BR>[Stack]<UL><LI>Max Depth = 464<LI>Call Chain = BT_ParseCommand &rArr; __0sscanf &rArr; __vfscanf_char &rArr; __vfscanf &rArr; _scanf_real
</UL>
<BR>[Calls]<UL><LI><a href="#[a0]">&gt;&gt;</a>&nbsp;&nbsp;&nbsp;BlackPoint_Finder_SetSimulateMode
<LI><a href="#[a2]">&gt;&gt;</a>&nbsp;&nbsp;&nbsp;BlackPoint_Finder_SetSimulateChannels
<LI><a href="#[9b]">&gt;&gt;</a>&nbsp;&nbsp;&nbsp;__aeabi_f2d
<LI><a href="#[7f]">&gt;&gt;</a>&nbsp;&nbsp;&nbsp;SpeedPID_ResetState
<LI><a href="#[85]">&gt;&gt;</a>&nbsp;&nbsp;&nbsp;BT_EmergencyStop
<LI><a href="#[83]">&gt;&gt;</a>&nbsp;&nbsp;&nbsp;BT_ClearEmergencyStop
<LI><a href="#[a1]">&gt;&gt;</a>&nbsp;&nbsp;&nbsp;strtok
<LI><a href="#[97]">&gt;&gt;</a>&nbsp;&nbsp;&nbsp;strcmp
<LI><a href="#[94]">&gt;&gt;</a>&nbsp;&nbsp;&nbsp;strlen
<LI><a href="#[95]">&gt;&gt;</a>&nbsp;&nbsp;&nbsp;strchr
<LI><a href="#[96]">&gt;&gt;</a>&nbsp;&nbsp;&nbsp;strncpy
<LI><a href="#[99]">&gt;&gt;</a>&nbsp;&nbsp;&nbsp;BT_VacuumSetSpeed
<LI><a href="#[98]">&gt;&gt;</a>&nbsp;&nbsp;&nbsp;BT_VacuumControl
<LI><a href="#[84]">&gt;&gt;</a>&nbsp;&nbsp;&nbsp;BT_SendResponse
<LI><a href="#[91]">&gt;&gt;</a>&nbsp;&nbsp;&nbsp;BT_HandleTurnRight
<LI><a href="#[90]">&gt;&gt;</a>&nbsp;&nbsp;&nbsp;BT_HandleTurnLeft
<LI><a href="#[8f]">&gt;&gt;</a>&nbsp;&nbsp;&nbsp;BT_HandleStop
<LI><a href="#[8e]">&gt;&gt;</a>&nbsp;&nbsp;&nbsp;BT_HandleSetBaseSpeed
<LI><a href="#[8d]">&gt;&gt;</a>&nbsp;&nbsp;&nbsp;BT_HandleQueryStatus
<LI><a href="#[8c]">&gt;&gt;</a>&nbsp;&nbsp;&nbsp;BT_HandleMoveForward
<LI><a href="#[8a]">&gt;&gt;</a>&nbsp;&nbsp;&nbsp;BT_HandleMoveBackward
<LI><a href="#[88]">&gt;&gt;</a>&nbsp;&nbsp;&nbsp;BT_HandleKeyControlMode
<LI><a href="#[9a]">&gt;&gt;</a>&nbsp;&nbsp;&nbsp;SpeedPID_SetParamBoth
<LI><a href="#[9c]">&gt;&gt;</a>&nbsp;&nbsp;&nbsp;SpeedPID_SetFeedForwardBoth
<LI><a href="#[9d]">&gt;&gt;</a>&nbsp;&nbsp;&nbsp;PositionPID_SetGlobalParams
<LI><a href="#[9f]">&gt;&gt;</a>&nbsp;&nbsp;&nbsp;PID_GyroDamping_IsEnabled
<LI><a href="#[9e]">&gt;&gt;</a>&nbsp;&nbsp;&nbsp;PID_GyroDamping_Enable
<LI><a href="#[4c]">&gt;&gt;</a>&nbsp;&nbsp;&nbsp;atoi
<LI><a href="#[43]">&gt;&gt;</a>&nbsp;&nbsp;&nbsp;__0sscanf
<LI><a href="#[8b]">&gt;&gt;</a>&nbsp;&nbsp;&nbsp;__2sprintf
</UL>
<BR>[Called By]<UL><LI><a href="#[a3]">&gt;&gt;</a>&nbsp;&nbsp;&nbsp;BT_Process
</UL>

<P><STRONG><a name="[84]"></a>BT_SendResponse</STRONG> (Thumb, 22 bytes, Stack size 16 bytes, btcomm.o(i.BT_SendResponse))
<BR><BR>[Stack]<UL><LI>Max Depth = 48<LI>Call Chain = BT_SendResponse &rArr; Uart2_SendBuf &rArr; Uart2_PutChar
</UL>
<BR>[Calls]<UL><LI><a href="#[a5]">&gt;&gt;</a>&nbsp;&nbsp;&nbsp;Uart2_SendBuf
<LI><a href="#[94]">&gt;&gt;</a>&nbsp;&nbsp;&nbsp;strlen
</UL>
<BR>[Called By]<UL><LI><a href="#[85]">&gt;&gt;</a>&nbsp;&nbsp;&nbsp;BT_EmergencyStop
<LI><a href="#[83]">&gt;&gt;</a>&nbsp;&nbsp;&nbsp;BT_ClearEmergencyStop
<LI><a href="#[99]">&gt;&gt;</a>&nbsp;&nbsp;&nbsp;BT_VacuumSetSpeed
<LI><a href="#[98]">&gt;&gt;</a>&nbsp;&nbsp;&nbsp;BT_VacuumControl
<LI><a href="#[93]">&gt;&gt;</a>&nbsp;&nbsp;&nbsp;BT_ParseCommand
<LI><a href="#[91]">&gt;&gt;</a>&nbsp;&nbsp;&nbsp;BT_HandleTurnRight
<LI><a href="#[90]">&gt;&gt;</a>&nbsp;&nbsp;&nbsp;BT_HandleTurnLeft
<LI><a href="#[8f]">&gt;&gt;</a>&nbsp;&nbsp;&nbsp;BT_HandleStop
<LI><a href="#[8e]">&gt;&gt;</a>&nbsp;&nbsp;&nbsp;BT_HandleSetBaseSpeed
<LI><a href="#[8d]">&gt;&gt;</a>&nbsp;&nbsp;&nbsp;BT_HandleQueryStatus
<LI><a href="#[8c]">&gt;&gt;</a>&nbsp;&nbsp;&nbsp;BT_HandleMoveForward
<LI><a href="#[8a]">&gt;&gt;</a>&nbsp;&nbsp;&nbsp;BT_HandleMoveBackward
<LI><a href="#[88]">&gt;&gt;</a>&nbsp;&nbsp;&nbsp;BT_HandleKeyControlMode
</UL>

<P><STRONG><a name="[10c]"></a>_fp_digits</STRONG> (Thumb, 366 bytes, Stack size 64 bytes, printfa.o(i._fp_digits), UNUSED)
<BR><BR>[Calls]<UL><LI><a href="#[48]">&gt;&gt;</a>&nbsp;&nbsp;&nbsp;__aeabi_ddiv
<LI><a href="#[58]">&gt;&gt;</a>&nbsp;&nbsp;&nbsp;__aeabi_uldivmod
<LI><a href="#[47]">&gt;&gt;</a>&nbsp;&nbsp;&nbsp;__aeabi_dmul
<LI><a href="#[5f]">&gt;&gt;</a>&nbsp;&nbsp;&nbsp;__aeabi_dadd
<LI><a href="#[63]">&gt;&gt;</a>&nbsp;&nbsp;&nbsp;__aeabi_d2ulz
<LI><a href="#[10d]">&gt;&gt;</a>&nbsp;&nbsp;&nbsp;__aeabi_cdrcmple
</UL>
<BR>[Called By]<UL><LI><a href="#[10a]">&gt;&gt;</a>&nbsp;&nbsp;&nbsp;_printf_core
</UL>

<P><STRONG><a name="[10a]"></a>_printf_core</STRONG> (Thumb, 1704 bytes, Stack size 136 bytes, printfa.o(i._printf_core), UNUSED)
<BR><BR>[Calls]<UL><LI><a href="#[58]">&gt;&gt;</a>&nbsp;&nbsp;&nbsp;__aeabi_uldivmod
<LI><a href="#[110]">&gt;&gt;</a>&nbsp;&nbsp;&nbsp;__aeabi_uidivmod
<LI><a href="#[10e]">&gt;&gt;</a>&nbsp;&nbsp;&nbsp;_printf_pre_padding
<LI><a href="#[10f]">&gt;&gt;</a>&nbsp;&nbsp;&nbsp;_printf_post_padding
<LI><a href="#[10c]">&gt;&gt;</a>&nbsp;&nbsp;&nbsp;_fp_digits
</UL>
<BR>[Called By]<UL><LI><a href="#[10b]">&gt;&gt;</a>&nbsp;&nbsp;&nbsp;__0sprintf
<LI><a href="#[109]">&gt;&gt;</a>&nbsp;&nbsp;&nbsp;__0printf
</UL>

<P><STRONG><a name="[10f]"></a>_printf_post_padding</STRONG> (Thumb, 36 bytes, Stack size 24 bytes, printfa.o(i._printf_post_padding), UNUSED)
<BR><BR>[Called By]<UL><LI><a href="#[10a]">&gt;&gt;</a>&nbsp;&nbsp;&nbsp;_printf_core
</UL>

<P><STRONG><a name="[10e]"></a>_printf_pre_padding</STRONG> (Thumb, 46 bytes, Stack size 24 bytes, printfa.o(i._printf_pre_padding), UNUSED)
<BR><BR>[Called By]<UL><LI><a href="#[10a]">&gt;&gt;</a>&nbsp;&nbsp;&nbsp;_printf_core
</UL>

<P><STRONG><a name="[3d]"></a>_sputc</STRONG> (Thumb, 10 bytes, Stack size 0 bytes, printfa.o(i._sputc))
<BR><BR>[Called By]<UL><LI><a href="#[10b]">&gt;&gt;</a>&nbsp;&nbsp;&nbsp;__0sprintf
</UL>
<BR>[Address Reference Count : 1]<UL><LI> printfa.o(i.__0sprintf)
</UL>
<P><STRONG><a name="[45]"></a>_fp_value</STRONG> (Thumb, 296 bytes, Stack size 64 bytes, scanf_fp.o(.text), UNUSED)
<BR><BR>[Calls]<UL><LI><a href="#[48]">&gt;&gt;</a>&nbsp;&nbsp;&nbsp;__aeabi_ddiv
<LI><a href="#[46]">&gt;&gt;</a>&nbsp;&nbsp;&nbsp;__aeabi_ul2d
<LI><a href="#[47]">&gt;&gt;</a>&nbsp;&nbsp;&nbsp;__aeabi_dmul
</UL>
<BR>[Called By]<UL><LI><a href="#[49]">&gt;&gt;</a>&nbsp;&nbsp;&nbsp;_scanf_really_real
</UL>

<P><STRONG><a name="[3a]"></a>_scanf_char_input</STRONG> (Thumb, 12 bytes, Stack size 0 bytes, scanf_char.o(.text))
<BR>[Address Reference Count : 1]<UL><LI> scanf_char.o(.text)
</UL><P>
<H3>
Undefined Global Symbols
</H3><HR></body></html>
